Component: ARM Compiler 5.06 update 6 (build 750) Tool: armlink [4d35ed]

==============================================================================

Section Cross References

    main.o(i.InitHardware) refers to nvic.o(i.InitNVIC) for InitNVIC
    main.o(i.InitHardware) refers to uart0.o(i.InitUART0) for InitUART0
    main.o(i.InitHardware) refers to uart1.o(i.InitUART1) for InitUART1
    main.o(i.InitHardware) refers to uart2.o(i.InitUART2) for InitUART2
    main.o(i.InitHardware) refers to adc.o(i.InitADC) for InitADC
    main.o(i.InitSoftware) refers to led.o(i.InitLED) for InitLED
    main.o(i.InitSoftware) refers to ecg.o(i.InitECG) for InitECG
    main.o(i.InitSoftware) refers to spo2.o(i.InitSPO2) for InitSPO2
    main.o(i.InitSoftware) refers to nibp.o(i.InitNIBP) for InitNIBP
    main.o(i.InitSoftware) refers to sprintf.o(i.InitSprintf) for InitSprintf
    main.o(i.StartTask) refers to cpu_core.o(i.CPU_Init) for CPU_Init
    main.o(i.StartTask) refers to lib_mem.o(i.Mem_Init) for Mem_Init
    main.o(i.StartTask) refers to lib_math.o(i.Math_Init) for Math_Init
    main.o(i.StartTask) refers to bsp.o(i.BSP_Tick_Init) for BSP_Tick_Init
    main.o(i.StartTask) refers to os_stat.o(i.OSStatTaskCPUUsageInit) for OSStatTaskCPUUsageInit
    main.o(i.StartTask) refers to main.o(i.InitHardware) for InitHardware
    main.o(i.StartTask) refers to main.o(i.InitSoftware) for InitSoftware
    main.o(i.StartTask) refers to printfa.o(i.__0printf) for __2printf
    main.o(i.StartTask) refers to os_task.o(i.OSTaskDel) for OSTaskDel
    main.o(i.StartTask) refers to main.o(.bss) for g_tcbStartTask
    main.o(i.main) refers to os_core.o(i.OSInit) for OSInit
    main.o(i.main) refers to printfa.o(i.__0printf) for __2printf
    main.o(i.main) refers to os_task.o(i.OSTaskCreate) for OSTaskCreate
    main.o(i.main) refers to os_core.o(i.OSStart) for OSStart
    main.o(i.main) refers to main.o(.bss) for s_arrStartStack
    main.o(i.main) refers to main.o(i.StartTask) for StartTask
    delay.o(i.DelayNms) refers to delay.o(i.DelayNus) for DelayNus
    led.o(i.ConfigLEDGPIO) refers to gd32f30x_rcu.o(i.rcu_periph_clock_enable) for rcu_periph_clock_enable
    led.o(i.ConfigLEDGPIO) refers to gd32f30x_gpio.o(i.gpio_init) for gpio_init
    led.o(i.ConfigLEDGPIO) refers to gd32f30x_gpio.o(i.gpio_bit_set) for gpio_bit_set
    led.o(i.ConfigLEDGPIO) refers to gd32f30x_gpio.o(i.gpio_bit_reset) for gpio_bit_reset
    led.o(i.InitLED) refers to memcpya.o(.text) for __aeabi_memcpy4
    led.o(i.InitLED) refers to led.o(i.ConfigLEDGPIO) for ConfigLEDGPIO
    led.o(i.InitLED) refers to os_task.o(i.OSTaskCreate) for OSTaskCreate
    led.o(i.InitLED) refers to printfa.o(i.__0printf) for __2printf
    led.o(i.InitLED) refers to led.o(.constdata) for .constdata
    led.o(i.LEDTask) refers to gd32f30x_gpio.o(i.gpio_output_bit_get) for gpio_output_bit_get
    led.o(i.LEDTask) refers to gd32f30x_gpio.o(i.gpio_bit_write) for gpio_bit_write
    led.o(i.LEDTask) refers to os_time.o(i.OSTimeDlyHMSM) for OSTimeDlyHMSM
    led.o(.constdata) refers to led.o(.bss) for g_tcbLEDTask
    led.o(.constdata) refers to led.o(i.LEDTask) for LEDTask
    led.o(.constdata) refers to led.o(.conststring) for .conststring
    filter.o(i.CreatIRR_Filter_str) refers to malloc.o(i.malloc) for malloc
    filter.o(i.FreeIRR_Filter_str) refers to malloc.o(i.free) for free
    ecg.o(i.ConfigECGGPIO) refers to gd32f30x_rcu.o(i.rcu_periph_clock_enable) for rcu_periph_clock_enable
    ecg.o(i.ConfigECGGPIO) refers to gd32f30x_gpio.o(i.gpio_init) for gpio_init
    ecg.o(i.ConfigECGGPIO) refers to gd32f30x_gpio.o(i.gpio_bit_reset) for gpio_bit_reset
    ecg.o(i.ECG_ProbeTask) refers to gd32f30x_gpio.o(i.gpio_input_bit_get) for gpio_input_bit_get
    ecg.o(i.ECG_ProbeTask) refers to os_task.o(i.OSTaskSuspend) for OSTaskSuspend
    ecg.o(i.ECG_ProbeTask) refers to printfa.o(i.__0sprintf) for __2sprintf
    ecg.o(i.ECG_ProbeTask) refers to sprintf.o(i.printf_s_aus) for printf_s_aus
    ecg.o(i.ECG_ProbeTask) refers to filter.o(i.InitIRR_Filter_str) for InitIRR_Filter_str
    ecg.o(i.ECG_ProbeTask) refers to os_task.o(i.OSTaskResume) for OSTaskResume
    ecg.o(i.ECG_ProbeTask) refers to os_time.o(i.OSTimeDlyHMSM) for OSTimeDlyHMSM
    ecg.o(i.ECG_ProbeTask) refers to ecg.o(.data) for ECG_ProbeStatus
    ecg.o(i.ECG_ProbeTask) refers to ecg.o(.bss) for g_tcbECG_SamplTask
    ecg.o(i.ECG_SamplTask) refers to adc.o(i.GetEcg) for GetEcg
    ecg.o(i.ECG_SamplTask) refers to filter.o(i.IIR_Filter) for IIR_Filter
    ecg.o(i.ECG_SamplTask) refers to calculate.o(i.FindPeriod_by_Peak) for FindPeriod_by_Peak
    ecg.o(i.ECG_SamplTask) refers to f2d.o(.text) for __aeabi_f2d
    ecg.o(i.ECG_SamplTask) refers to dmul.o(.text) for __aeabi_dmul
    ecg.o(i.ECG_SamplTask) refers to ddiv.o(.text) for __aeabi_ddiv
    ecg.o(i.ECG_SamplTask) refers to d2f.o(.text) for __aeabi_d2f
[...]
    OSMutexCreate                            0x08002cd1   Thumb Code   102  os_mutex.o(i.OSMutexCreate)
    OSMutexPend                              0x08002d41   Thumb Code   450  os_mutex.o(i.OSMutexPend)
    OSMutexPost                              0x08002f11   Thumb Code   384  os_mutex.o(i.OSMutexPost)
    OSQCreate                                0x0800309d   Thumb Code   114  os_q.o(i.OSQCreate)
    OSQPend                                  0x08003119   Thumb Code   428  os_q.o(i.OSQPend)
    OSQPost                                  0x080032d1   Thumb Code   144  os_q.o(i.OSQPost)
    OSSched                                  0x08003365   Thumb Code   134  os_core.o(i.OSSched)
    OSSchedLock                              0x08003409   Thumb Code    88  os_core.o(i.OSSchedLock)
    OSSchedUnlock                            0x08003469   Thumb Code   120  os_core.o(i.OSSchedUnlock)
    OSStart                                  0x080034e9   Thumb Code    78  os_core.o(i.OSStart)
    OSStatReset                              0x08003551   Thumb Code   262  os_stat.o(i.OSStatReset)
    OSStatTaskCPUUsageInit                   0x08003679   Thumb Code   212  os_stat.o(i.OSStatTaskCPUUsageInit)
    OSStatTaskHook                           0x08003769   Thumb Code    16  os_cpu_c.o(i.OSStatTaskHook)
    OSTaskCreate                             0x0800377d   Thumb Code   382  os_task.o(i.OSTaskCreate)
    OSTaskCreateHook                         0x0800390d   Thumb Code    20  os_cpu_c.o(i.OSTaskCreateHook)
    OSTaskDel                                0x08003925   Thumb Code   380  os_task.o(i.OSTaskDel)
    OSTaskDelHook                            0x08003aad   Thumb Code    20  os_cpu_c.o(i.OSTaskDelHook)
    OSTaskResume                             0x08003ac5   Thumb Code    80  os_task.o(i.OSTaskResume)
    OSTaskReturnHook                         0x08003b19   Thumb Code    20  os_cpu_c.o(i.OSTaskReturnHook)
    OSTaskSemPend                            0x08003b31   Thumb Code   446  os_task.o(i.OSTaskSemPend)
    OSTaskSemPost                            0x08003cf9   Thumb Code    62  os_task.o(i.OSTaskSemPost)
    OSTaskStkChk                             0x08003d39   Thumb Code   188  os_task.o(i.OSTaskStkChk)
    OSTaskStkInit                            0x08003df9   Thumb Code   600  os_cpu_c.o(i.OSTaskStkInit)
    OSTaskSuspend                            0x080040bd   Thumb Code    32  os_task.o(i.OSTaskSuspend)
    OSTaskSwHook                             0x080040e1   Thumb Code   168  os_cpu_c.o(i.OSTaskSwHook)
    OSTimeDly                                0x08004199   Thumb Code   156  os_time.o(i.OSTimeDly)
    OSTimeDlyHMSM                            0x0800423d   Thumb Code   382  os_time.o(i.OSTimeDlyHMSM)
    OSTimeTick                               0x080043c9   Thumb Code    50  os_time.o(i.OSTimeTick)
    OSTimeTickHook                           0x0800440d   Thumb Code    16  os_cpu_c.o(i.OSTimeTickHook)
    OS_CPU_SysTickHandler                    0x08004421   Thumb Code    52  os_cpu_c.o(i.OS_CPU_SysTickHandler)
    OS_CPU_SysTickInit                       0x08004459   Thumb Code    44  os_cpu_c.o(i.OS_CPU_SysTickInit)
    OS_Dbg_Init                              0x08004489   Thumb Code   146  os_dbg.o(i.OS_Dbg_Init)
    OS_FlagInit                              0x08004631   Thumb Code    14  os_flag.o(i.OS_FlagInit)
    OS_IdleTask                              0x08004649   Thumb Code    58  os_core.o(i.OS_IdleTask)
    OS_IdleTaskInit                          0x0800468d   Thumb Code    66  os_core.o(i.OS_IdleTaskInit)
    OS_MemInit                               0x080046fd   Thumb Code    14  os_mem.o(i.OS_MemInit)
    OS_MsgPoolInit                           0x08004715   Thumb Code   110  os_msg.o(i.OS_MsgPoolInit)
    OS_MsgQFreeAll                           0x08004791   Thumb Code    62  os_msg.o(i.OS_MsgQFreeAll)
    OS_MsgQGet                               0x080047d5   Thumb Code    98  os_msg.o(i.OS_MsgQGet)
    OS_MsgQInit                              0x0800483d   Thumb Code    14  os_msg.o(i.OS_MsgQInit)
    OS_MsgQPut                               0x0800484d   Thumb Code   254  os_msg.o(i.OS_MsgQPut)
    OS_MutexDbgListAdd                       0x08004951   Thumb Code    38  os_mutex.o(i.OS_MutexDbgListAdd)
    OS_MutexGrpAdd                           0x08004981   Thumb Code     8  os_mutex.o(i.OS_MutexGrpAdd)
    OS_MutexGrpPostAll                       0x08004989   Thumb Code    96  os_mutex.o(i.OS_MutexGrpPostAll)
    OS_MutexGrpPrioFindHighest               0x080049e9   Thumb Code    44  os_mutex.o(i.OS_MutexGrpPrioFindHighest)
    OS_MutexGrpRemove                        0x08004a15   Thumb Code    28  os_mutex.o(i.OS_MutexGrpRemove)
    OS_MutexInit                             0x08004a31   Thumb Code    14  os_mutex.o(i.OS_MutexInit)
    OS_Pend                                  0x08004a49   Thumb Code   100  os_core.o(i.OS_Pend)
    OS_PendDataInit                          0x08004ab1   Thumb Code    40  os_core.o(i.OS_PendDataInit)
    OS_PendDbgNameAdd                        0x08004ad9   Thumb Code    66  os_core.o(i.OS_PendDbgNameAdd)
    OS_PendDbgNameRemove                     0x08004b35   Thumb Code    30  os_core.o(i.OS_PendDbgNameRemove)
    OS_PendListChangePrio                    0x08004b59   Thumb Code    58  os_core.o(i.OS_PendListChangePrio)
    OS_PendListInit                          0x08004b93   Thumb Code    10  os_core.o(i.OS_PendListInit)
    OS_PendListInsertPrio                    0x08004b9d   Thumb Code   102  os_core.o(i.OS_PendListInsertPrio)
    OS_PendListRemove                        0x08004c03   Thumb Code    52  os_core.o(i.OS_PendListRemove)
    OS_PendListRemove1                       0x08004c37   Thumb Code    66  os_core.o(i.OS_PendListRemove1)
    OS_Post                                  0x08004c79   Thumb Code   214  os_core.o(i.OS_Post)
    OS_Post1                                 0x08004d4f   Thumb Code    44  os_core.o(i.OS_Post1)
    OS_PrioGetHighest                        0x08004d7d   Thumb Code    36  os_prio.o(i.OS_PrioGetHighest)
    OS_PrioInit                              0x08004da5   Thumb Code    20  os_prio.o(i.OS_PrioInit)
    OS_PrioInsert                            0x08004dbd   Thumb Code    32  os_prio.o(i.OS_PrioInsert)
    OS_PrioRemove                            0x08004de1   Thumb Code    32  os_prio.o(i.OS_PrioRemove)
    OS_QDbgListAdd                           0x08004e05   Thumb Code    38  os_q.o(i.OS_QDbgListAdd)
    OS_QInit                                 0x08004e35   Thumb Code    14  os_q.o(i.OS_QInit)
    OS_QPost                                 0x08004e4d   Thumb Code   190  os_q.o(i.OS_QPost)
    OS_RdyListInit                           0x08004f0d   Thumb Code    32  os_core.o(i.OS_RdyListInit)
    OS_RdyListInsert                         0x08004f31   Thumb Code    40  os_core.o(i.OS_RdyListInsert)
    OS_RdyListInsertHead                     0x08004f5d   Thumb Code    58  os_core.o(i.OS_RdyListInsertHead)
    OS_RdyListInsertTail                     0x08004f9d   Thumb Code    56  os_core.o(i.OS_RdyListInsertTail)
    OS_RdyListRemove                         0x08004fd9   Thumb Code    86  os_core.o(i.OS_RdyListRemove)
    OS_SchedLockTimeMeasStart                0x08005035   Thumb Code    20  os_core.o(i.OS_SchedLockTimeMeasStart)
    OS_SchedLockTimeMeasStop                 0x08005051   Thumb Code    44  os_core.o(i.OS_SchedLockTimeMeasStop)
    OS_SemInit                               0x0800508d   Thumb Code    14  os_sem.o(i.OS_SemInit)
    OS_StatTask                              0x080050a5   Thumb Code   684  os_stat.o(i.OS_StatTask)
    OS_StatTaskInit                          0x0800538d   Thumb Code   136  os_stat.o(i.OS_StatTaskInit)
    OS_TaskBlock                             0x08005459   Thumb Code    40  os_core.o(i.OS_TaskBlock)
    OS_TaskChangePrio                        0x08005485   Thumb Code   232  os_task.o(i.OS_TaskChangePrio)
    OS_TaskDbgListAdd                        0x08005571   Thumb Code    42  os_task.o(i.OS_TaskDbgListAdd)
    OS_TaskDbgListRemove                     0x080055a1   Thumb Code    64  os_task.o(i.OS_TaskDbgListRemove)
    OS_TaskInit                              0x080055e5   Thumb Code    18  os_task.o(i.OS_TaskInit)
    OS_TaskInitTCB                           0x08005605   Thumb Code   176  os_task.o(i.OS_TaskInitTCB)
    OS_TaskResume                            0x080056c1   Thumb Code   256  os_task.o(i.OS_TaskResume)
    OS_TaskReturn                            0x080057c1   Thumb Code    20  os_task.o(i.OS_TaskReturn)
    OS_TaskSemPost                           0x080057d9   Thumb Code   448  os_task.o(i.OS_TaskSemPost)
    OS_TaskSuspend                           0x0800599d   Thumb Code   272  os_task.o(i.OS_TaskSuspend)
    OS_TickListInsert                        0x08005ab5   Thumb Code   134  os_tick.o(i.OS_TickListInsert)
    OS_TickListInsertDly                     0x08005b3d   Thumb Code   180  os_tick.o(i.OS_TickListInsertDly)
    OS_TickListRemove                        0x08005bf9   Thumb Code    88  os_tick.o(i.OS_TickListRemove)
    OS_TickListResetPeak                     0x08005c51   Thumb Code     2  os_tick.o(i.OS_TickListResetPeak)
    OS_TickTask                              0x08005e01   Thumb Code    90  os_tick.o(i.OS_TickTask)
    OS_TickTaskInit                          0x08005e65   Thumb Code   140  os_tick.o(i.OS_TickTaskInit)
    OS_TmrInit                               0x08005f2d   Thumb Code   200  os_tmr.o(i.OS_TmrInit)
    OS_TmrResetPeak                          0x08006079   Thumb Code     2  os_tmr.o(i.OS_TmrResetPeak)
    OS_TmrTask                               0x0800607d   Thumb Code   134  os_tmr.o(i.OS_TmrTask)
    OS_TmrUnlink                             0x08006111   Thumb Code    58  os_tmr.o(i.OS_TmrUnlink)
    PULSE_disable                            0x08006169   Thumb Code    14  nibp_hw_cfg.o(i.PULSE_disable)
    PULSE_enable                             0x0800617d   Thumb Code    14  nibp_hw_cfg.o(i.PULSE_enable)
    PUMU_OFF                                 0x08006191   Thumb Code    12  nibp_hw_cfg.o(i.PUMU_OFF)
    PUMU_ON                                  0x080061a1   Thumb Code    12  nibp_hw_cfg.o(i.PUMU_ON)
    Polynomia_y_to_x                         0x080061b1   Thumb Code   446  polynomialfit.o(i.Polynomia_y_to_x)
    PolynomialFit                            0x08006379   Thumb Code  1080  polynomialfit.o(i.PolynomialFit)
    Printf_task                              0x080067b1   Thumb Code    40  sprintf.o(i.Printf_task)
    Protect_read                             0x080067e1   Thumb Code    14  nibp_hw_cfg.o(i.Protect_read)
    QueueEmpty                               0x080067f5   Thumb Code    14  queue.o(i.QueueEmpty)
    ReadUART2                                0x0800694d   Thumb Code    24  uart2.o(i.ReadUART2)
    SVC_Handler                              0x08006dfd   Thumb Code     2  gd32f30x_it.o(i.SVC_Handler)
    SetIr_DA_Val                             0x08006e01   Thumb Code     6  spo2_hw_cfg.o(i.SetIr_DA_Val)
    SetRed_DA_Val                            0x08006e0d   Thumb Code     6  spo2_hw_cfg.o(i.SetRed_DA_Val)
    StartTask                                0x08006e19   Thumb Code    50  main.o(i.StartTask)
    SystemInit                               0x08006e71   Thumb Code    66  system_gd32f30x.o(i.SystemInit)
    TIMER3_IRQHandler                        0x08006ec1   Thumb Code   158  spo2_hw_cfg.o(i.TIMER3_IRQHandler)
    USART0_IRQHandler                        0x08006f79   Thumb Code   152  uart0.o(i.USART0_IRQHandler)
    USART1_IRQHandler                        0x0800702d   Thumb Code   152  uart1.o(i.USART1_IRQHandler)
    USART2_IRQHandler                        0x080070e1   Thumb Code   152  uart2.o(i.USART2_IRQHandler)
    UsageFault_Handler                       0x08007199   Thumb Code     4  gd32f30x_it.o(i.UsageFault_Handler)
    VALVE_F_CLOSE                            0x0800719d   Thumb Code    12  nibp_hw_cfg.o(i.VALVE_F_CLOSE)
    VALVE_F_OPEN                             0x080071ad   Thumb Code    12  nibp_hw_cfg.o(i.VALVE_F_OPEN)
    VALVE_S_CLOSE                            0x080071bd   Thumb Code    12  nibp_hw_cfg.o(i.VALVE_S_CLOSE)
    VALVE_S_OPEN                             0x080071cd   Thumb Code    12  nibp_hw_cfg.o(i.VALVE_S_OPEN)
    __0printf                                0x08007225   Thumb Code    22  printfa.o(i.__0printf)
    __1printf                                0x08007225   Thumb Code     0  printfa.o(i.__0printf)
    __2printf                                0x08007225   Thumb Code     0  printfa.o(i.__0printf)
    __c89printf                              0x08007225   Thumb Code     0  printfa.o(i.__0printf)
    printf                                   0x08007225   Thumb Code     0  printfa.o(i.__0printf)
    __0sprintf                               0x08007245   Thumb Code    34  printfa.o(i.__0sprintf)
    __1sprintf                               0x08007245   Thumb Code     0  printfa.o(i.__0sprintf)
    __2sprintf                               0x08007245   Thumb Code     0  printfa.o(i.__0sprintf)
    __c89sprintf                             0x08007245   Thumb Code     0  printfa.o(i.__0sprintf)
    sprintf                                  0x08007245   Thumb Code     0  printfa.o(i.__0sprintf)
    __scatterload_copy                       0x0800726d   Thumb Code    14  handlers.o(i.__scatterload_copy)
    __scatterload_null                       0x0800727b   Thumb Code     2  handlers.o(i.__scatterload_null)
    __scatterload_zeroinit                   0x0800727d   Thumb Code    14  handlers.o(i.__scatterload_zeroinit)
    adc_calibration_enable                   0x08007b49   Thumb Code    42  gd32f30x_adc.o(i.adc_calibration_enable)
    adc_channel_length_config                0x08007b73   Thumb Code    70  gd32f30x_adc.o(i.adc_channel_length_config)
    adc_data_alignment_config                0x08007bb9   Thumb Code    22  gd32f30x_adc.o(i.adc_data_alignment_config)
    adc_deinit                               0x08007bd1   Thumb Code    84  gd32f30x_adc.o(i.adc_deinit)
    adc_dma_mode_enable                      0x08007c29   Thumb Code    10  gd32f30x_adc.o(i.adc_dma_mode_enable)
    adc_enable                               0x08007c33   Thumb Code    18  gd32f30x_adc.o(i.adc_enable)
    adc_external_trigger_config              0x08007c45   Thumb Code    62  gd32f30x_adc.o(i.adc_external_trigger_config)
    adc_external_trigger_source_config       0x08007c83   Thumb Code    48  gd32f30x_adc.o(i.adc_external_trigger_source_config)
    adc_mode_config                          0x08007cb5   Thumb Code    22  gd32f30x_adc.o(i.adc_mode_config)
    adc_oversample_mode_disable              0x08007cd1   Thumb Code    14  gd32f30x_adc.o(i.adc_oversample_mode_disable)
    adc_regular_channel_config               0x08007cdf   Thumb Code   172  gd32f30x_adc.o(i.adc_regular_channel_config)
    adc_resolution_config                    0x08007d8b   Thumb Code    20  gd32f30x_adc.o(i.adc_resolution_config)
    adc_software_trigger_enable              0x08007d9f   Thumb Code    30  gd32f30x_adc.o(i.adc_software_trigger_enable)
    adc_special_function_config              0x08007dbd   Thumb Code    90  gd32f30x_adc.o(i.adc_special_function_config)
    dac_concurrent_disable                   0x08007e19   Thumb Code    18  gd32f30x_dac.o(i.dac_concurrent_disable)
    dac_data_set                             0x08007e31   Thumb Code    82  gd32f30x_dac.o(i.dac_data_set)
    dac_deinit                               0x08007e89   Thumb Code    20  gd32f30x_dac.o(i.dac_deinit)
    dac_enable                               0x08007e9d   Thumb Code    30  gd32f30x_dac.o(i.dac_enable)
    dac_output_buffer_enable                 0x08007ec1   Thumb Code    30  gd32f30x_dac.o(i.dac_output_buffer_enable)
    dac_trigger_disable                      0x08007ee5   Thumb Code    30  gd32f30x_dac.o(i.dac_trigger_disable)
    dac_wave_mode_config                     0x08007f09   Thumb Code    48  gd32f30x_dac.o(i.dac_wave_mode_config)
    dma_channel_enable                       0x08007f3d   Thumb Code    50  gd32f30x_dma.o(i.dma_channel_enable)
    dma_circulation_enable                   0x08007f6f   Thumb Code    50  gd32f30x_dma.o(i.dma_circulation_enable)
    dma_deinit                               0x08007fa1   Thumb Code   112  gd32f30x_dma.o(i.dma_deinit)
    dma_init                                 0x08008011   Thumb Code   302  gd32f30x_dma.o(i.dma_init)
    dma_memory_to_memory_disable             0x0800813f   Thumb Code    50  gd32f30x_dma.o(i.dma_memory_to_memory_disable)
    exti_init                                0x08008189   Thumb Code   178  gd32f30x_exti.o(i.exti_init)
    exti_interrupt_flag_clear                0x08008241   Thumb Code     6  gd32f30x_exti.o(i.exti_interrupt_flag_clear)
    exti_interrupt_flag_get                  0x0800824d   Thumb Code    32  gd32f30x_exti.o(i.exti_interrupt_flag_get)
    fputc                                    0x08008271   Thumb Code    32  uart2.o(i.fputc)
    gpio_bit_reset                           0x08008295   Thumb Code     4  gd32f30x_gpio.o(i.gpio_bit_reset)
    gpio_bit_set                             0x08008299   Thumb Code     4  gd32f30x_gpio.o(i.gpio_bit_set)
    gpio_bit_write                           0x0800829d   Thumb Code    10  gd32f30x_gpio.o(i.gpio_bit_write)
    gpio_exti_source_select                  0x080082a9   Thumb Code   146  gd32f30x_gpio.o(i.gpio_exti_source_select)
    gpio_init                                0x08008341   Thumb Code   188  gd32f30x_gpio.o(i.gpio_init)
    gpio_input_bit_get                       0x080083fd   Thumb Code    16  gd32f30x_gpio.o(i.gpio_input_bit_get)
    gpio_output_bit_get                      0x0800840d   Thumb Code    16  gd32f30x_gpio.o(i.gpio_output_bit_get)
    main                                     0x0800841d   Thumb Code   126  main.o(i.main)
    malloc                                   0x08008509   Thumb Code    92  malloc.o(i.malloc)
    nvic_irq_enable                          0x08008575   Thumb Code   186  gd32f30x_misc.o(i.nvic_irq_enable)
    nvic_priority_group_set                  0x08008639   Thumb Code    10  gd32f30x_misc.o(i.nvic_priority_group_set)
    printf_s_aus                             0x0800864d   Thumb Code    22  sprintf.o(i.printf_s_aus)
    rcu_adc_clock_config                     0x08008669   Thumb Code    98  gd32f30x_rcu.o(i.rcu_adc_clock_config)
    rcu_clock_freq_get                       0x080086d5   Thumb Code   310  gd32f30x_rcu.o(i.rcu_clock_freq_get)
    rcu_periph_clock_enable                  0x0800882d   Thumb Code    28  gd32f30x_rcu.o(i.rcu_periph_clock_enable)
    rcu_periph_reset_disable                 0x0800884d   Thumb Code    28  gd32f30x_rcu.o(i.rcu_periph_reset_disable)
    rcu_periph_reset_enable                  0x0800886d   Thumb Code    28  gd32f30x_rcu.o(i.rcu_periph_reset_enable)
    timer_deinit                             0x080089a5   Thumb Code   210  gd32f30x_timer.o(i.timer_deinit)
    timer_enable                             0x08008a81   Thumb Code    10  gd32f30x_timer.o(i.timer_enable)
    timer_init                               0x08008a8d   Thumb Code   122  gd32f30x_timer.o(i.timer_init)
    timer_interrupt_enable                   0x08008b25   Thumb Code     8  gd32f30x_timer.o(i.timer_interrupt_enable)
    timer_interrupt_flag_clear               0x08008b2d   Thumb Code     6  gd32f30x_timer.o(i.timer_interrupt_flag_clear)
    timer_interrupt_flag_get                 0x08008b33   Thumb Code    24  gd32f30x_timer.o(i.timer_interrupt_flag_get)
    timer_struct_para_init                   0x08008b4b   Thumb Code    22  gd32f30x_timer.o(i.timer_struct_para_init)
    usart_baudrate_set                       0x08008b61   Thumb Code   136  gd32f30x_usart.o(i.usart_baudrate_set)
    usart_data_receive                       0x08008bf1   Thumb Code    10  gd32f30x_usart.o(i.usart_data_receive)
    usart_data_transmit                      0x08008bfb   Thumb Code     8  gd32f30x_usart.o(i.usart_data_transmit)
    usart_deinit                             0x08008c05   Thumb Code   136  gd32f30x_usart.o(i.usart_deinit)
    usart_enable                             0x08008c95   Thumb Code    10  gd32f30x_usart.o(i.usart_enable)
    usart_flag_get                           0x08008c9f   Thumb Code    30  gd32f30x_usart.o(i.usart_flag_get)
    usart_interrupt_disable                  0x08008cbd   Thumb Code    26  gd32f30x_usart.o(i.usart_interrupt_disable)
    usart_interrupt_enable                   0x08008cd7   Thumb Code    26  gd32f30x_usart.o(i.usart_interrupt_enable)
    usart_interrupt_flag_clear               0x08008cf1   Thumb Code    26  gd32f30x_usart.o(i.usart_interrupt_flag_clear)
    usart_interrupt_flag_get                 0x08008d0b   Thumb Code    56  gd32f30x_usart.o(i.usart_interrupt_flag_get)
    usart_parity_config                      0x08008d43   Thumb Code    16  gd32f30x_usart.o(i.usart_parity_config)
    usart_receive_config                     0x08008d53   Thumb Code    16  gd32f30x_usart.o(i.usart_receive_config)
    usart_stop_bit_set                       0x08008d63   Thumb Code    16  gd32f30x_usart.o(i.usart_stop_bit_set)
    usart_transmit_config                    0x08008d73   Thumb Code    16  gd32f30x_usart.o(i.usart_transmit_config)
    usart_word_length_set                    0x08008d83   Thumb Code    16  gd32f30x_usart.o(i.usart_word_length_set)
    irr_tcheb_80hz_lp_NL                     0x08008db0   Data           4  filter.o(.constdata)
    irr_tcheb_80hz_lp_num                    0x08008db4   Data          36  filter.o(.constdata)
    irr_tcheb_80hz_lp_den                    0x08008dd8   Data          36  filter.o(.constdata)
    irr_50hz_notch_NL                        0x08008dfc   Data           4  filter.o(.constdata)
    irr_50hz_notch_num                       0x08008e00   Data          12  filter.o(.constdata)
    irr_50hz_notch_den                       0x08008e0c   Data          12  filter.o(.constdata)
    f125_15_20LP_NL                          0x08008e18   Data           4  filter.o(.constdata)
    f125_15_20LP_num                         0x08008e1c   Data          32  filter.o(.constdata)
    f125_15_20LP_den                         0x08008e3c   Data          32  filter.o(.constdata)
    OSCfg_IdleTaskStkBasePtr                 0x08008f58   Data           4  os_cfg_app.o(.constdata)
    OSCfg_IdleTaskStkLimit                   0x08008f5c   Data           4  os_cfg_app.o(.constdata)
    OSCfg_IdleTaskStkSize                    0x08008f60   Data           4  os_cfg_app.o(.constdata)
    OSCfg_IdleTaskStkSizeRAM                 0x08008f64   Data           4  os_cfg_app.o(.constdata)
    OSCfg_IntQBasePtr                        0x08008f68   Data           4  os_cfg_app.o(.constdata)
    OSCfg_IntQSize                           0x08008f6c   Data           2  os_cfg_app.o(.constdata)
    OSCfg_IntQSizeRAM                        0x08008f70   Data           4  os_cfg_app.o(.constdata)
    OSCfg_IntQTaskStkBasePtr                 0x08008f74   Data           4  os_cfg_app.o(.constdata)
    OSCfg_IntQTaskStkLimit                   0x08008f78   Data           4  os_cfg_app.o(.constdata)
    OSCfg_IntQTaskStkSize                    0x08008f7c   Data           4  os_cfg_app.o(.constdata)
    OSCfg_IntQTaskStkSizeRAM                 0x08008f80   Data           4  os_cfg_app.o(.constdata)
    OSCfg_ISRStkBasePtr                      0x08008f84   Data           4  os_cfg_app.o(.constdata)
    OSCfg_ISRStkSize                         0x08008f88   Data           4  os_cfg_app.o(.constdata)
    OSCfg_ISRStkSizeRAM                      0x08008f8c   Data           4  os_cfg_app.o(.constdata)
    OSCfg_MsgPoolSize                        0x08008f90   Data           2  os_cfg_app.o(.constdata)
    OSCfg_MsgPoolSizeRAM                     0x08008f94   Data           4  os_cfg_app.o(.constdata)
    OSCfg_MsgPoolBasePtr                     0x08008f98   Data           4  os_cfg_app.o(.constdata)
    OSCfg_StatTaskPrio                       0x08008f9c   Data           1  os_cfg_app.o(.constdata)
    OSCfg_StatTaskRate_Hz                    0x08008fa0   Data           4  os_cfg_app.o(.constdata)
    OSCfg_StatTaskStkBasePtr                 0x08008fa4   Data           4  os_cfg_app.o(.constdata)
    OSCfg_StatTaskStkLimit                   0x08008fa8   Data           4  os_cfg_app.o(.constdata)
    OSCfg_StatTaskStkSize                    0x08008fac   Data           4  os_cfg_app.o(.constdata)
    OSCfg_StatTaskStkSizeRAM                 0x08008fb0   Data           4  os_cfg_app.o(.constdata)
    OSCfg_StkSizeMin                         0x08008fb4   Data           4  os_cfg_app.o(.constdata)
    OSCfg_TickRate_Hz                        0x08008fb8   Data           4  os_cfg_app.o(.constdata)
    OSCfg_TickTaskPrio                       0x08008fbc   Data           1  os_cfg_app.o(.constdata)
    OSCfg_TickTaskStkBasePtr                 0x08008fc0   Data           4  os_cfg_app.o(.constdata)
    OSCfg_TickTaskStkLimit                   0x08008fc4   Data           4  os_cfg_app.o(.constdata)
    OSCfg_TickTaskStkSize                    0x08008fc8   Data           4  os_cfg_app.o(.constdata)
    OSCfg_TickTaskStkSizeRAM                 0x08008fcc   Data           4  os_cfg_app.o(.constdata)
    OSCfg_TmrTaskPrio                        0x08008fd0   Data           1  os_cfg_app.o(.constdata)
    OSCfg_TmrTaskRate_Hz                     0x08008fd4   Data           4  os_cfg_app.o(.constdata)
    OSCfg_TmrTaskStkBasePtr                  0x08008fd8   Data           4  os_cfg_app.o(.constdata)
    OSCfg_TmrTaskStkLimit                    0x08008fdc   Data           4  os_cfg_app.o(.constdata)
    OSCfg_TmrTaskStkSize                     0x08008fe0   Data           4  os_cfg_app.o(.constdata)
    OSCfg_TmrTaskStkSizeRAM                  0x08008fe4   Data           4  os_cfg_app.o(.constdata)
    OSCfg_DataSizeRAM                        0x08008fe8   Data           4  os_cfg_app.o(.constdata)
    OSDbg_DbgEn                              0x08008fec   Data           1  os_dbg.o(.constdata)
    OSDbg_ArgChkEn                           0x08008fed   Data           1  os_dbg.o(.constdata)
    OSDbg_AppHooksEn                         0x08008fee   Data           1  os_dbg.o(.constdata)
    OSDbg_EndiannessTest                     0x08008ff0   Data           4  os_dbg.o(.constdata)
    OSDbg_CalledFromISRChkEn                 0x08008ff4   Data           1  os_dbg.o(.constdata)
    OSDbg_FlagEn                             0x08008ff5   Data           1  os_dbg.o(.constdata)
    OSDbg_FlagGrp                            0x08008ff8   Data          40  os_dbg.o(.constdata)
    OSDbg_FlagDelEn                          0x08009020   Data           1  os_dbg.o(.constdata)
    OSDbg_FlagModeClrEn                      0x08009021   Data           1  os_dbg.o(.constdata)
    OSDbg_FlagPendAbortEn                    0x08009022   Data           1  os_dbg.o(.constdata)
    OSDbg_FlagGrpSize                        0x08009024   Data           2  os_dbg.o(.constdata)
    OSDbg_FlagWidth                          0x08009026   Data           2  os_dbg.o(.constdata)
    OSDbg_IntQ                               0x08009028   Data           2  os_dbg.o(.constdata)
    OSDbg_ISRPostDeferredEn                  0x0800902a   Data           1  os_dbg.o(.constdata)
    OSDbg_Mem                                0x0800902c   Data          32  os_dbg.o(.constdata)
    OSDbg_MemEn                              0x0800904c   Data           1  os_dbg.o(.constdata)
    OSDbg_MemSize                            0x0800904e   Data           2  os_dbg.o(.constdata)
    OSDbg_MsgEn                              0x08009050   Data           1  os_dbg.o(.constdata)
    OSDbg_MsgSize                            0x08009052   Data           2  os_dbg.o(.constdata)
    OSDbg_MsgPoolSize                        0x08009054   Data           2  os_dbg.o(.constdata)
    OSDbg_MsgQSize                           0x08009056   Data           2  os_dbg.o(.constdata)
    OSDbg_Mutex                              0x08009058   Data          48  os_dbg.o(.constdata)
    OSDbg_MutexEn                            0x08009088   Data           1  os_dbg.o(.constdata)
    OSDbg_MutexDelEn                         0x08009089   Data           1  os_dbg.o(.constdata)
    OSDbg_MutexPendAbortEn                   0x0800908a   Data           1  os_dbg.o(.constdata)
    OSDbg_MutexSize                          0x0800908c   Data           2  os_dbg.o(.constdata)
    OSDbg_ObjTypeChkEn                       0x0800908e   Data           1  os_dbg.o(.constdata)
    OSDbg_PendMultiEn                        0x0800908f   Data           1  os_dbg.o(.constdata)
    OSDbg_PendDataSize                       0x08009090   Data           2  os_dbg.o(.constdata)
    OSDbg_PendListSize                       0x08009092   Data           2  os_dbg.o(.constdata)
    OSDbg_PendObjSize                        0x08009094   Data           2  os_dbg.o(.constdata)
    OSDbg_PrioMax                            0x08009096   Data           2  os_dbg.o(.constdata)
    OSDbg_PrioTblSize                        0x08009098   Data           2  os_dbg.o(.constdata)
    OSDbg_PtrSize                            0x0800909a   Data           2  os_dbg.o(.constdata)
    OSDbg_Q                                  0x0800909c   Data          48  os_dbg.o(.constdata)
    OSDbg_QEn                                0x080090cc   Data           1  os_dbg.o(.constdata)
    OSDbg_QDelEn                             0x080090cd   Data           1  os_dbg.o(.constdata)
    OSDbg_QFlushEn                           0x080090ce   Data           1  os_dbg.o(.constdata)
    OSDbg_QPendAbortEn                       0x080090cf   Data           1  os_dbg.o(.constdata)
    OSDbg_QSize                              0x080090d0   Data           2  os_dbg.o(.constdata)
    OSDbg_SchedRoundRobinEn                  0x080090d2   Data           1  os_dbg.o(.constdata)
    OSDbg_Sem                                0x080090d4   Data          40  os_dbg.o(.constdata)
    OSDbg_SemEn                              0x080090fc   Data           1  os_dbg.o(.constdata)
    OSDbg_SemDelEn                           0x080090fd   Data           1  os_dbg.o(.constdata)
    OSDbg_SemPendAbortEn                     0x080090fe   Data           1  os_dbg.o(.constdata)
    OSDbg_SemSetEn                           0x080090ff   Data           1  os_dbg.o(.constdata)
    OSDbg_SemSize                            0x08009100   Data           2  os_dbg.o(.constdata)
    OSDbg_RdyList                            0x08009102   Data           2  os_dbg.o(.constdata)
    OSDbg_RdyListSize                        0x08009104   Data           4  os_dbg.o(.constdata)
    OSDbg_StkWidth                           0x08009108   Data           1  os_dbg.o(.constdata)
    OSDbg_StatTaskEn                         0x08009109   Data           1  os_dbg.o(.constdata)
    OSDbg_StatTaskStkChkEn                   0x0800910a   Data           1  os_dbg.o(.constdata)
    OSDbg_TaskChangePrioEn                   0x0800910b   Data           1  os_dbg.o(.constdata)
    OSDbg_TaskDelEn                          0x0800910c   Data           1  os_dbg.o(.constdata)
    OSDbg_TaskQEn                            0x0800910d   Data           1  os_dbg.o(.constdata)
    OSDbg_TaskQPendAbortEn                   0x0800910e   Data           1  os_dbg.o(.constdata)
    OSDbg_TaskProfileEn                      0x0800910f   Data           1  os_dbg.o(.constdata)
    OSDbg_TaskRegTblSize                     0x08009110   Data           2  os_dbg.o(.constdata)
    OSDbg_TaskSemPendAbortEn                 0x08009112   Data           1  os_dbg.o(.constdata)
    OSDbg_TaskSuspendEn                      0x08009113   Data           1  os_dbg.o(.constdata)
    OSDbg_TCBSize                            0x08009114   Data           2  os_dbg.o(.constdata)
    OSDbg_TickListSize                       0x08009116   Data           2  os_dbg.o(.constdata)
    OSDbg_TimeDlyHMSMEn                      0x08009118   Data           1  os_dbg.o(.constdata)
    OSDbg_TimeDlyResumeEn                    0x08009119   Data           1  os_dbg.o(.constdata)
    OSDbg_TLS_TblSize                        0x0800911a   Data           2  os_dbg.o(.constdata)
    OSDbg_Tmr                                0x0800911c   Data          48  os_dbg.o(.constdata)
    OSDbg_TmrEn                              0x0800914c   Data           1  os_dbg.o(.constdata)
    OSDbg_TmrDelEn                           0x0800914d   Data           1  os_dbg.o(.constdata)
    OSDbg_TmrSize                            0x0800914e   Data           2  os_dbg.o(.constdata)
    OSDbg_VersionNbr                         0x08009150   Data           2  os_dbg.o(.constdata)
    OSDbg_DataSize                           0x08009154   Data           4  os_dbg.o(.constdata)
    Region$$Table$$Base                      0x080091e8   Number         0  anon$$obj.o(Region$$Table)
    Region$$Table$$Limit                     0x08009208   Number         0  anon$$obj.o(Region$$Table)
    ECGData                                  0x20000000   Data           4  ecg.o(.data)
    ECG_ProbeStatus                          0x20000004   Data           1  ecg.o(.data)
    AVE_BP                                   0x20000100   Data           8  nibp.o(.data)
    H_BP                                     0x20000108   Data           8  nibp.o(.data)
    L_BP                                     0x20000110   Data           8  nibp.o(.data)
    ad1                                      0x20000148   Data           2  nibp.o(.data)
    ad2                                      0x2000014a   Data           2  nibp.o(.data)
    coef1                                    0x2000014c   Data           4  nibp.o(.data)
    coef2                                    0x20000150   Data           4  nibp.o(.data)
    CPU_TS_TmrFreq_Hz                        0x20000160   Data           4  cpu_core.o(.data)
    Math_RandSeedCur                         0x20000164   Data           4  lib_math.o(.data)
    Mem_SegHeadPtr                           0x20000168   Data           4  lib_mem.o(.data)
    OSPrioTbl                                0x2000016c   Data           8  os_prio.o(.data)
    OS_AppTaskCreateHookPtr                  0x20000174   Data           4  os_var.o(.data)
    OS_AppTaskDelHookPtr                     0x20000178   Data           4  os_var.o(.data)
    OS_AppTaskReturnHookPtr                  0x2000017c   Data           4  os_var.o(.data)
    OS_AppIdleTaskHookPtr                    0x20000180   Data           4  os_var.o(.data)
    OS_AppStatTaskHookPtr                    0x20000184   Data           4  os_var.o(.data)
    OS_AppTaskSwHookPtr                      0x20000188   Data           4  os_var.o(.data)
    OS_AppTimeTickHookPtr                    0x2000018c   Data           4  os_var.o(.data)
    OSIdleTaskCtr                            0x20000190   Data           4  os_var.o(.data)
    OSIntNestingCtr                          0x20000194   Data           1  os_var.o(.data)
    OSRunning                                0x20000195   Data           1  os_var.o(.data)
    OSFlagDbgListPtr                         0x20000198   Data           4  os_var.o(.data)
    OSFlagQty                                0x2000019c   Data           2  os_var.o(.data)
    OSMemDbgListPtr                          0x200001a0   Data           4  os_var.o(.data)
    OSMemQty                                 0x200001a4   Data           2  os_var.o(.data)
    OSMutexDbgListPtr                        0x200001a8   Data           4  os_var.o(.data)
    OSMutexQty                               0x200001ac   Data           2  os_var.o(.data)
    OSPrioCur                                0x200001ae   Data           1  os_var.o(.data)
    OSPrioHighRdy                            0x200001af   Data           1  os_var.o(.data)
    OSPrioSaved                              0x200001b0   Data           1  os_var.o(.data)
    OSQDbgListPtr                            0x200001b4   Data           4  os_var.o(.data)
    OSQQty                                   0x200001b8   Data           2  os_var.o(.data)
    OSSchedLockTimeBegin                     0x200001bc   Data           4  os_var.o(.data)
    OSSchedLockTimeMax                       0x200001c0   Data           4  os_var.o(.data)
    OSSchedLockTimeMaxCur                    0x200001c4   Data           4  os_var.o(.data)
    OSSchedLockNestingCtr                    0x200001c8   Data           1  os_var.o(.data)
    OSSemDbgListPtr                          0x200001cc   Data           4  os_var.o(.data)
    OSSemQty                                 0x200001d0   Data           2  os_var.o(.data)
    OSStatResetFlag                          0x200001d2   Data           1  os_var.o(.data)
    OSStatTaskCPUUsage                       0x200001d4   Data           2  os_var.o(.data)
    OSStatTaskCPUUsageMax                    0x200001d6   Data           2  os_var.o(.data)
    OSStatTaskCtr                            0x200001d8   Data           4  os_var.o(.data)
    OSStatTaskCtrMax                         0x200001dc   Data           4  os_var.o(.data)
    OSStatTaskCtrRun                         0x200001e0   Data           4  os_var.o(.data)
    OSStatTaskRdy                            0x200001e4   Data           1  os_var.o(.data)
    OSStatTaskTimeMax                        0x200001e8   Data           4  os_var.o(.data)
    OSTaskCtxSwCtr                           0x200001ec   Data           4  os_var.o(.data)
    OSTaskDbgListPtr                         0x200001f0   Data           4  os_var.o(.data)
    OSTaskQty                                0x200001f4   Data           2  os_var.o(.data)
    OSTaskRegNextAvailID                     0x200001f6   Data           1  os_var.o(.data)
    OSTickCtr                                0x200001f8   Data           4  os_var.o(.data)
    OSTickTaskTimeMax                        0x200001fc   Data           4  os_var.o(.data)
    OSTickListDly                            0x20000200   Data           8  os_var.o(.data)
    OSTickListTimeout                        0x20000208   Data           8  os_var.o(.data)
    OSTmrDbgListPtr                          0x20000210   Data           4  os_var.o(.data)
    OSTmrListEntries                         0x20000214   Data           2  os_var.o(.data)
    OSTmrListPtr                             0x20000218   Data           4  os_var.o(.data)
    OSTmrQty                                 0x2000021c   Data           2  os_var.o(.data)
    OSTmrTaskTimeMax                         0x20000220   Data           4  os_var.o(.data)
    OSTmrTickCtr                             0x20000224   Data           4  os_var.o(.data)
    OSTmrUpdateCnt                           0x20000228   Data           4  os_var.o(.data)
    OSTmrUpdateCtr                           0x2000022c   Data           4  os_var.o(.data)
    OSTCBCurPtr                              0x20000230   Data           4  os_var.o(.data)
    OSTCBHighRdyPtr                          0x20000234   Data           4  os_var.o(.data)
    OS_CPU_ExceptStkBase                     0x20000238   Data           4  os_cpu_c.o(.data)
    __stdout                                 0x2000023c   Data           4  stdout.o(.data)
    __microlib_freelist                      0x20000240   Data           4  mvars.o(.data)
    __microlib_freelist_initialised          0x20000244   Data           4  mvars.o(.data)
    g_tcbStartTask                           0x20000248   Data         192  main.o(.bss)
    g_tcbLEDTask                             0x20000b08   Data         192  led.o(.bss)
    g_tcbECG_SamplTask                       0x20000df0   Data         192  ecg.o(.bss)
    g_tcbECG_ProbeTask                       0x200016b0   Data         192  ecg.o(.bss)
    g_tcbSPO2_ProbeTask                      0x20001f80   Data         192  spo2.o(.bss)
    g_tcbRED_AdjTask                         0x20002240   Data         192  spo2.o(.bss)
    g_tcbIR_AdjTask                          0x20002700   Data         192  spo2.o(.bss)
    g_tcbSPO2_SamplTask                      0x20002bc0   Data         192  spo2.o(.bss)
    g_tcbNIBP_PreMonitorTask                 0x20004530   Data         192  nibp.o(.bss)
    g_tcbNIBP_StarTask                       0x200049f0   Data         192  nibp.o(.bss)
    g_tcbNIBP_MeasureTask                    0x20004eb0   Data         192  nibp.o(.bss)
    g_tcbNIBP_PulseSamplTask                 0x20005370   Data         192  nibp.o(.bss)
    b                                        0x20007430   Data         120  polynomialfit.o(.bss)
    zz                                       0x200074a8   Data         576  polynomialfit.o(.bss)
    fz                                       0x200076e8   Data          64  polynomialfit.o(.bss)
    g_tcbPtintf                              0x20007728   Data         192  sprintf.o(.bss)
    g_quePrintQueue                          0x200087e8   Data          48  sprintf.o(.bss)
    g_mutexTest                              0x20008818   Data          48  sprintf.o(.bss)
    CPU_Name                                 0x20008af4   Data          16  cpu_core.o(.bss)
    Mem_Heap                                 0x20008b04   Data        3072  lib_mem.o(.bss)
    Mem_SegHeap                              0x20009704   Data          20  lib_mem.o(.bss)
    OSCfg_IdleTaskStk                        0x20009718   Data         256  os_cfg_app.o(.bss)
    OSCfg_ISRStk                             0x20009818   Data         400  os_cfg_app.o(.bss)
    OSCfg_MsgPool                            0x200099a8   Data        1600  os_cfg_app.o(.bss)
    OSCfg_StatTaskStk                        0x20009fe8   Data         400  os_cfg_app.o(.bss)
    OSCfg_TickTaskStk                        0x2000a178   Data         400  os_cfg_app.o(.bss)
    OSCfg_TmrTaskStk                         0x2000a308   Data         400  os_cfg_app.o(.bss)
    OSIdleTaskTCB                            0x2000a498   Data         192  os_var.o(.bss)
    OSMsgPool                                0x2000a558   Data          12  os_var.o(.bss)
    OSRdyList                                0x2000a564   Data         768  os_var.o(.bss)
    OSStatTaskTCB                            0x2000a864   Data         192  os_var.o(.bss)
    OSTickTaskTCB                            0x2000a924   Data         192  os_var.o(.bss)
    OSTmrMutex                               0x2000a9e4   Data          48  os_var.o(.bss)
    OSTmrTaskTCB                             0x2000aa14   Data         192  os_var.o(.bss)
    __heap_base                              0x2000aad8   Data           0  startup_gd32f30x_hd.o(HEAP)
    __heap_limit                             0x2000aed8   Data           0  startup_gd32f30x_hd.o(HEAP)
    __initial_sp                             0x2000b6d8   Data           0  startup_gd32f30x_hd.o(STACK)



==============================================================================

Memory Map of the image

  Image Entry point : 0x08000131

  Load Region LR_IROM1 (Base: 0x08000000, Size: 0x00009450, Max: 0x00080000, ABSOLUTE, COMPRESSED[0x000092b8])

    Execution Region ER_IROM1 (Exec base: 0x08000000, Load base: 0x08000000, Size: 0x00009208, Max: 0x00080000, ABSOLUTE)

    Exec Addr    Load Addr    Size         Type   Attr      Idx    E Section Name        Object

    0x08000000   0x08000000   0x00000130   Data   RO         4247    RESET               startup_gd32f30x_hd.o
    0x08000130   0x08000130   0x00000000   Code   RO         6221  * .ARM.Collect$$$$00000000  mc_w.l(entry.o)
    0x08000130   0x08000130   0x00000004   Code   RO         6541    .ARM.Collect$$$$00000001  mc_w.l(entry2.o)
    0x08000134   0x08000134   0x00000004   Code   RO         6544    .ARM.Collect$$$$00000004  mc_w.l(entry5.o)
    0x08000138   0x08000138   0x00000000   Code   RO         6546    .ARM.Collect$$$$00000008  mc_w.l(entry7b.o)
    0x08000138   0x08000138   0x00000000   Code   RO         6548    .ARM.Collect$$$$0000000A  mc_w.l(entry8b.o)
    0x08000138   0x08000138   0x00000008   Code   RO         6549    .ARM.Collect$$$$0000000B  mc_w.l(entry9a.o)
    0x08000140   0x08000140   0x00000000   Code   RO         6551    .ARM.Collect$$$$0000000D  mc_w.l(entry10a.o)
    0x08000140   0x08000140   0x00000000   Code   RO         6553    .ARM.Collect$$$$0000000F  mc_w.l(entry11a.o)
    0x08000140   0x08000140   0x00000004   Code   RO         6542    .ARM.Collect$$$$00002712  mc_w.l(entry2.o)
    0x08000144   0x08000144   0x0000004c   Code   RO         4248    .text               startup_gd32f30x_hd.o
    0x08000190   0x08000190   0x00000034   Code   RO         4498    .text               cpu_a.o
    0x080001c4   0x080001c4   0x00000062   Code   RO         6224    .text               mc_w.l(uldiv.o)
    0x08000226   0x08000226   0x00000024   Code   RO         6226    .text               mc_w.l(memcpya.o)
    0x0800024a   0x0800024a   0x00000024   Code   RO         6228    .text               mc_w.l(memseta.o)
    0x0800026e   0x0800026e   0x0000014e   Code   RO         6521    .text               mf_w.l(dadd.o)
    0x080003bc   0x080003bc   0x000000e4   Code   RO         6523    .text               mf_w.l(dmul.o)
    0x080004a0   0x080004a0   0x000000de   Code   RO         6525    .text               mf_w.l(ddiv.o)
    0x0800057e   0x0800057e   0x00000022   Code   RO         6527    .text               mf_w.l(dflti.o)
    0x080005a0   0x080005a0   0x0000003e   Code   RO         6531    .text               mf_w.l(dfixi.o)
    0x080005de   0x080005de   0x00000026   Code   RO         6533    .text               mf_w.l(f2d.o)
    0x08000604   0x08000604   0x00000030   Code   RO         6535    .text               mf_w.l(cdcmple.o)
    0x08000634   0x08000634   0x00000030   Code   RO         6537    .text               mf_w.l(cdrcmple.o)
    0x08000664   0x08000664   0x00000038   Code   RO         6539    .text               mf_w.l(d2f.o)
    0x0800069c   0x0800069c   0x0000002c   Code   RO         6556    .text               mc_w.l(uidiv.o)
    0x080006c8   0x080006c8   0x0000001e   Code   RO         6558    .text               mc_w.l(llshl.o)
    0x080006e6   0x080006e6   0x00000020   Code   RO         6560    .text               mc_w.l(llushr.o)
    0x08000706   0x08000706   0x00000024   Code   RO         6562    .text               mc_w.l(llsshr.o)
    0x0800072a   0x0800072a   0x00000000   Code   RO         6566    .text               mc_w.l(iusefp.o)
    0x0800072a   0x0800072a   0x0000006e   Code   RO         6567    .text               mf_w.l(fepilogue.o)
    0x08000798   0x08000798   0x000000ba   Code   RO         6569    .text               mf_w.l(depilogue.o)
    0x08000852   0x08000852   0x00000030   Code   RO         6571    .text               mf_w.l(dfixul.o)
    0x08000882   0x08000882   0x00000002   PAD
    0x08000884   0x08000884   0x00000024   Code   RO         6573    .text               mc_w.l(init.o)
    0x080008a8   0x080008a8   0x00000056   Code   RO         6583    .text               mc_w.l(__dczerorl2.o)
    0x080008fe   0x080008fe   0x00000002   PAD
    0x08000900   0x08000900   0x0000010c   Code   RO         6064    CODE                os_cpu_a.o
    0x08000a0c   0x08000a0c   0x00000028   Code   RO          758    i.ADtoPre           nibp.o
    0x08000a34   0x08000a34   0x0000000a   Code   RO         4255    i.BSP_CPU_ClkFreq   bsp.o
    0x08000a3e   0x08000a3e   0x00000002   PAD
    0x08000a40   0x08000a40   0x0000001c   Code   RO         4256    i.BSP_Tick_Init     bsp.o
    0x08000a5c   0x08000a5c   0x00000004   Code   RO         4107    i.BusFault_Handler  gd32f30x_it.o
    0x08000a60   0x08000a60   0x0000000c   Code   RO         4380    i.CPU_Init          cpu_core.o
    0x08000a6c   0x08000a6c   0x00000030   Code   RO         4381    i.CPU_NameClr       cpu_core.o
    0x08000a9c   0x08000a9c   0x00000008   Code   RO         4383    i.CPU_NameInit      cpu_core.o
    0x08000aa4   0x08000aa4   0x00000004   Code   RO         4385    i.CPU_SW_Exception  cpu_core.o
    0x08000aa8   0x08000aa8   0x00000014   Code   RO         4387    i.CPU_TS_Init       cpu_core.o
    0x08000abc   0x08000abc   0x0000000c   Code   RO         4389    i.CPU_TS_TmrFreqSet  cpu_core.o
    0x08000ac8   0x08000ac8   0x00000034   Code   RO         4258    i.CPU_TS_TmrInit    bsp.o
    0x08000afc   0x08000afc   0x0000000c   Code   RO         4259    i.CPU_TS_TmrRd      bsp.o
    0x08000b08   0x08000b08   0x000000c8   Code   RO          945    i.CalcPolynomial    polynomialfit.o
    0x08000bd0   0x08000bd0   0x00000124   Code   RO         1322    i.ConfigADC0        adc.o
    0x08000cf4   0x08000cf4   0x00000038   Code   RO          607    i.ConfigCSGPIO      spo2_hw_cfg.o
    0x08000d2c   0x08000d2c   0x00000048   Code   RO          608    i.ConfigDACGPIO     spo2_hw_cfg.o
    0x08000d74   0x08000d74   0x00000074   Code   RO         1323    i.ConfigDMA0CH0ForADC0  adc.o
    0x08000de8   0x08000de8   0x00000034   Code   RO          388    i.ConfigECGGPIO     ecg.o
    0x08000e1c   0x08000e1c   0x00000040   Code   RO          298    i.ConfigLEDGPIO     led.o
    0x08000e5c   0x08000e5c   0x00000094   Code   RO          851    i.ConfigNIBPGPIO    nibp_hw_cfg.o
    0x08000ef0   0x08000ef0   0x0000000c   Code   RO         4173    i.ConfigNVIC        nvic.o
    0x08000efc   0x08000efc   0x00000020   Code   RO          759    i.ConfigSw1Gpio     nibp.o
    0x08000f1c   0x08000f1c   0x00000030   Code   RO          760    i.ConfigSw21EXTI    nibp.o
    0x08000f4c   0x08000f4c   0x00000050   Code   RO          609    i.ConfigTimer3      spo2_hw_cfg.o
    0x08000f9c   0x08000f9c   0x000000a0   Code   RO         1142    i.ConfigUART        uart0.o
    0x0800103c   0x0800103c   0x0000009c   Code   RO         1388    i.ConfigUART        uart1.o
    0x080010d8   0x080010d8   0x000000a0   Code   RO         1461    i.ConfigUART        uart2.o
    0x08001178   0x08001178   0x00000026   Code   RO          337    i.CreatIRR_Filter_str  filter.o
    0x0800119e   0x0800119e   0x00000044   Code   RO         1086    i.DeQueue           queue.o
    0x080011e2   0x080011e2   0x00000002   Code   RO         4108    i.DebugMon_Handler  gd32f30x_it.o
    0x080011e4   0x080011e4   0x0000009c   Code   RO          389    i.ECG_ProbeTask     ecg.o
    0x08001280   0x08001280   0x0000022c   Code   RO          390    i.ECG_SamplTask     ecg.o
    0x080014ac   0x080014ac   0x000000e0   Code   RO          761    i.EXTI10_15_IRQHandler  nibp.o
    0x0800158c   0x0800158c   0x00000048   Code   RO         1087    i.EnQueue           queue.o
    0x080015d4   0x080015d4   0x00000128   Code   RO          946    i.FindFirstMaxInPolynomial  polynomialfit.o
    0x080016fc   0x080016fc   0x00000070   Code   RO          999    i.FindMajority      calculate.o
    0x0800176c   0x0800176c   0x0000000e   Code   RO          762    i.FindMax           nibp.o
    0x0800177a   0x0800177a   0x0000000e   Code   RO         1000    i.FindMax           calculate.o
    0x08001788   0x08001788   0x0000000e   Code   RO          763    i.FindMin           nibp.o
    0x08001796   0x08001796   0x0000000e   Code   RO         1001    i.FindMin           calculate.o
    0x080017a4   0x080017a4   0x0000006a   Code   RO         1002    i.FindPeriod_by_Peak  calculate.o
    0x0800180e   0x0800180e   0x00000002   PAD
    0x08001810   0x08001810   0x0000000c   Code   RO         1324    i.GetCuff           adc.o
    0x0800181c   0x0800181c   0x0000000c   Code   RO         1325    i.GetEcg            adc.o
    0x08001828   0x08001828   0x0000000c   Code   RO         1326    i.GetPulse          adc.o
    0x08001834   0x08001834   0x0000000c   Code   RO         1327    i.GetSPO2           adc.o
    0x08001840   0x08001840   0x0000000c   Code   RO          610    i.GetSPO2_IRData    spo2_hw_cfg.o
    0x0800184c   0x0800184c   0x0000000c   Code   RO          611    i.GetSPO2_REDData   spo2_hw_cfg.o
    0x08001858   0x08001858   0x00000004   Code   RO         4109    i.HardFault_Handler  gd32f30x_it.o
    0x0800185c   0x0800185c   0x000000a4   Code   RO          339    i.IIR_Filter        filter.o
    0x08001900   0x08001900   0x000000d8   Code   RO          701    i.IR_AdjTask        spo2.o
    0x080019d8   0x080019d8   0x00000010   Code   RO          612    i.IR_OFF            spo2_hw_cfg.o
    0x080019e8   0x080019e8   0x00000010   Code   RO          613    i.IR_ON             spo2_hw_cfg.o
    0x080019f8   0x080019f8   0x0000000c   Code   RO         1329    i.InitADC           adc.o
    0x08001a04   0x08001a04   0x00000128   Code   RO          391    i.InitECG           ecg.o
    0x08001b2c   0x08001b2c   0x00000024   Code   RO            4    i.InitHardware      main.o
    0x08001b50   0x08001b50   0x00000030   Code   RO          340    i.InitIRR_Filter_str  filter.o
    0x08001b80   0x08001b80   0x000000e0   Code   RO          299    i.InitLED           led.o
    0x08001c60   0x08001c60   0x00000148   Code   RO          764    i.InitNIBP          nibp.o
    0x08001da8   0x08001da8   0x00000008   Code   RO          852    i.InitNIBP_HW_CFG   nibp_hw_cfg.o
    0x08001db0   0x08001db0   0x00000008   Code   RO         4174    i.InitNVIC          nvic.o
    0x08001db8   0x08001db8   0x00000024   Code   RO         1088    i.InitQueue         queue.o
    0x08001ddc   0x08001ddc   0x00000134   Code   RO          702    i.InitSPO2          spo2.o
    0x08001f10   0x08001f10   0x00000016   Code   RO          614    i.InitSPO2_HW_CFG   spo2_hw_cfg.o
    0x08001f26   0x08001f26   0x00000018   Code   RO            5    i.InitSoftware      main.o
    0x08001f3e   0x08001f3e   0x00000002   PAD
    0x08001f40   0x08001f40   0x0000016c   Code   RO         1044    i.InitSprintf       sprintf.o
    0x080020ac   0x080020ac   0x00000010   Code   RO         1144    i.InitUART0         uart0.o
    0x080020bc   0x080020bc   0x00000010   Code   RO         1390    i.InitUART1         uart1.o
    0x080020cc   0x080020cc   0x00000010   Code   RO         1463    i.InitUART2         uart2.o
    0x080020dc   0x080020dc   0x00000040   Code   RO         1145    i.InitUARTBuf       uart0.o
    0x0800211c   0x0800211c   0x00000040   Code   RO         1391    i.InitUARTBuf       uart1.o
    0x0800215c   0x0800215c   0x00000040   Code   RO         1464    i.InitUARTBuf       uart2.o
    0x0800219c   0x0800219c   0x00000058   Code   RO          300    i.LEDTask           led.o
    0x080021f4   0x080021f4   0x0000000a   Code   RO         4606    i.Math_Init         lib_math.o
    0x080021fe   0x080021fe   0x00000002   PAD
    0x08002200   0x08002200   0x0000002c   Code   RO         4609    i.Math_RandSetSeed  lib_math.o
    0x0800222c   0x0800222c   0x00000004   Code   RO         4110    i.MemManage_Handler  gd32f30x_it.o
    0x08002230   0x08002230   0x00000012   Code   RO         4642    i.Mem_Clr           lib_mem.o
    0x08002242   0x08002242   0x00000002   PAD
    0x08002244   0x08002244   0x0000004c   Code   RO         4652    i.Mem_Init          lib_mem.o
    0x08002290   0x08002290   0x0000004a   Code   RO         4665    i.Mem_SegCreate     lib_mem.o
    0x080022da   0x080022da   0x00000002   PAD
    0x080022dc   0x080022dc   0x00000020   Code   RO         4666    i.Mem_SegCreateCritical  lib_mem.o
    0x080022fc   0x080022fc   0x00000054   Code   RO         4669    i.Mem_Set           lib_mem.o
    0x08002350   0x08002350   0x000004d4   Code   RO          765    i.NIBP_MeasureTask  nibp.o
    0x08002824   0x08002824   0x00000068   Code   RO          766    i.NIBP_PreMonitorTask  nibp.o
    0x0800288c   0x0800288c   0x000001c4   Code   RO          767    i.NIBP_StarTask     nibp.o
    0x08002a50   0x08002a50   0x00000002   Code   RO         4111    i.NMI_Handler       gd32f30x_it.o
    0x08002a52   0x08002a52   0x00000002   Code   RO         4977    i.OSCfg_Init        os_cfg_app.o
    0x08002a54   0x08002a54   0x00000014   Code   RO         6067    i.OSIdleTaskHook    os_cpu_c.o
    0x08002a68   0x08002a68   0x00000164   Code   RO         5000    i.OSInit            os_core.o
    0x08002bcc   0x08002bcc   0x00000028   Code   RO         6068    i.OSInitHook        os_cpu_c.o
    0x08002bf4   0x08002bf4   0x000000dc   Code   RO         5002    i.OSIntExit         os_core.o
    0x08002cd0   0x08002cd0   0x00000070   Code   RO         5393    i.OSMutexCreate     os_mutex.o
    0x08002d40   0x08002d40   0x000001d0   Code   RO         5395    i.OSMutexPend       os_mutex.o
    0x08002f10   0x08002f10   0x0000018c   Code   RO         5397    i.OSMutexPost       os_mutex.o
    0x0800309c   0x0800309c   0x0000007c   Code   RO         5520    i.OSQCreate         os_q.o
    0x08003118   0x08003118   0x000001b8   Code   RO         5523    i.OSQPend           os_q.o
    0x080032d0   0x080032d0   0x00000094   Code   RO         5525    i.OSQPost           os_q.o
    0x08003364   0x08003364   0x000000a4   Code   RO         5003    i.OSSched           os_core.o
    0x08003408   0x08003408   0x00000060   Code   RO         5004    i.OSSchedLock       os_core.o
    0x08003468   0x08003468   0x00000080   Code   RO         5005    i.OSSchedUnlock     os_core.o
    0x080034e8   0x080034e8   0x00000068   Code   RO         5006    i.OSStart           os_core.o
    0x08003550   0x08003550   0x00000128   Code   RO         5664    i.OSStatReset       os_stat.o
    0x08003678   0x08003678   0x000000f0   Code   RO         5665    i.OSStatTaskCPUUsageInit  os_stat.o
    0x08003768   0x08003768   0x00000014   Code   RO         6069    i.OSStatTaskHook    os_cpu_c.o
    0x0800377c   0x0800377c   0x00000190   Code   RO         5695    i.OSTaskCreate      os_task.o
    0x0800390c   0x0800390c   0x00000018   Code   RO         6070    i.OSTaskCreateHook  os_cpu_c.o
    0x08003924   0x08003924   0x00000188   Code   RO         5696    i.OSTaskDel         os_task.o
    0x08003aac   0x08003aac   0x00000018   Code   RO         6071    i.OSTaskDelHook     os_cpu_c.o
    0x08003ac4   0x08003ac4   0x00000054   Code   RO         5704    i.OSTaskResume      os_task.o
    0x08003b18   0x08003b18   0x00000018   Code   RO         6072    i.OSTaskReturnHook  os_cpu_c.o
    0x08003b30   0x08003b30   0x000001c8   Code   RO         5705    i.OSTaskSemPend     os_task.o
    0x08003cf8   0x08003cf8   0x0000003e   Code   RO         5707    i.OSTaskSemPost     os_task.o
    0x08003d36   0x08003d36   0x00000002   PAD
    0x08003d38   0x08003d38   0x000000c0   Code   RO         5709    i.OSTaskStkChk      os_task.o
    0x08003df8   0x08003df8   0x000002c4   Code   RO         6073    i.OSTaskStkInit     os_cpu_c.o
    0x080040bc   0x080040bc   0x00000024   Code   RO         5710    i.OSTaskSuspend     os_task.o
    0x080040e0   0x080040e0   0x000000b8   Code   RO         6074    i.OSTaskSwHook      os_cpu_c.o
    0x08004198   0x08004198   0x000000a4   Code   RO         5914    i.OSTimeDly         os_time.o
    0x0800423c   0x0800423c   0x0000018c   Code   RO         5915    i.OSTimeDlyHMSM     os_time.o
    0x080043c8   0x080043c8   0x00000044   Code   RO         5919    i.OSTimeTick        os_time.o
    0x0800440c   0x0800440c   0x00000014   Code   RO         6075    i.OSTimeTickHook    os_cpu_c.o
    0x08004420   0x08004420   0x00000038   Code   RO         6076    i.OS_CPU_SysTickHandler  os_cpu_c.o
    0x08004458   0x08004458   0x00000030   Code   RO         6077    i.OS_CPU_SysTickInit  os_cpu_c.o
    0x08004488   0x08004488   0x000001a8   Code   RO         5216    i.OS_Dbg_Init       os_dbg.o
    0x08004630   0x08004630   0x00000018   Code   RO         5241    i.OS_FlagInit       os_flag.o
    0x08004648   0x08004648   0x00000044   Code   RO         5008    i.OS_IdleTask       os_core.o
    0x0800468c   0x0800468c   0x00000070   Code   RO         5009    i.OS_IdleTaskInit   os_core.o
    0x080046fc   0x080046fc   0x00000018   Code   RO         5325    i.OS_MemInit        os_mem.o
    0x08004714   0x08004714   0x0000007c   Code   RO         5357    i.OS_MsgPoolInit    os_msg.o
    0x08004790   0x08004790   0x00000044   Code   RO         5358    i.OS_MsgQFreeAll    os_msg.o
    0x080047d4   0x080047d4   0x00000068   Code   RO         5359    i.OS_MsgQGet        os_msg.o
    0x0800483c   0x0800483c   0x0000000e   Code   RO         5360    i.OS_MsgQInit       os_msg.o
    0x0800484a   0x0800484a   0x00000002   PAD
    0x0800484c   0x0800484c   0x00000104   Code   RO         5361    i.OS_MsgQPut        os_msg.o
    0x08004950   0x08004950   0x00000030   Code   RO         5399    i.OS_MutexDbgListAdd  os_mutex.o
    0x08004980   0x08004980   0x00000008   Code   RO         5401    i.OS_MutexGrpAdd    os_mutex.o
    0x08004988   0x08004988   0x00000060   Code   RO         5402    i.OS_MutexGrpPostAll  os_mutex.o
    0x080049e8   0x080049e8   0x0000002c   Code   RO         5403    i.OS_MutexGrpPrioFindHighest  os_mutex.o
    0x08004a14   0x08004a14   0x0000001c   Code   RO         5404    i.OS_MutexGrpRemove  os_mutex.o
    0x08004a30   0x08004a30   0x00000018   Code   RO         5405    i.OS_MutexInit      os_mutex.o
    0x08004a48   0x08004a48   0x00000068   Code   RO         5010    i.OS_Pend           os_core.o
    0x08004ab0   0x08004ab0   0x00000028   Code   RO         5013    i.OS_PendDataInit   os_core.o
    0x08004ad8   0x08004ad8   0x0000005c   Code   RO         5014    i.OS_PendDbgNameAdd  os_core.o
    0x08004b34   0x08004b34   0x00000024   Code   RO         5015    i.OS_PendDbgNameRemove  os_core.o
    0x08004b58   0x08004b58   0x0000003a   Code   RO         5016    i.OS_PendListChangePrio  os_core.o
    0x08004b92   0x08004b92   0x0000000a   Code   RO         5017    i.OS_PendListInit   os_core.o
    0x08004b9c   0x08004b9c   0x00000066   Code   RO         5019    i.OS_PendListInsertPrio  os_core.o
    0x08004c02   0x08004c02   0x00000034   Code   RO         5020    i.OS_PendListRemove  os_core.o
    0x08004c36   0x08004c36   0x00000042   Code   RO         5021    i.OS_PendListRemove1  os_core.o
    0x08004c78   0x08004c78   0x000000d6   Code   RO         5024    i.OS_Post           os_core.o
    0x08004d4e   0x08004d4e   0x0000002c   Code   RO         5025    i.OS_Post1          os_core.o
    0x08004d7a   0x08004d7a   0x00000002   PAD
    0x08004d7c   0x08004d7c   0x00000028   Code   RO         5483    i.OS_PrioGetHighest  os_prio.o
    0x08004da4   0x08004da4   0x00000018   Code   RO         5484    i.OS_PrioInit       os_prio.o
    0x08004dbc   0x08004dbc   0x00000024   Code   RO         5485    i.OS_PrioInsert     os_prio.o
    0x08004de0   0x08004de0   0x00000024   Code   RO         5486    i.OS_PrioRemove     os_prio.o
    0x08004e04   0x08004e04   0x00000030   Code   RO         5527    i.OS_QDbgListAdd    os_q.o
    0x08004e34   0x08004e34   0x00000018   Code   RO         5529    i.OS_QInit          os_q.o
    0x08004e4c   0x08004e4c   0x000000be   Code   RO         5530    i.OS_QPost          os_q.o
    0x08004f0a   0x08004f0a   0x00000002   PAD
    0x08004f0c   0x08004f0c   0x00000024   Code   RO         5026    i.OS_RdyListInit    os_core.o
    0x08004f30   0x08004f30   0x0000002c   Code   RO         5027    i.OS_RdyListInsert  os_core.o
    0x08004f5c   0x08004f5c   0x00000040   Code   RO         5028    i.OS_RdyListInsertHead  os_core.o
    0x08004f9c   0x08004f9c   0x0000003c   Code   RO         5029    i.OS_RdyListInsertTail  os_core.o
    0x08004fd8   0x08004fd8   0x0000005c   Code   RO         5031    i.OS_RdyListRemove  os_core.o
    0x08005034   0x08005034   0x0000001c   Code   RO         5032    i.OS_SchedLockTimeMeasStart  os_core.o
    0x08005050   0x08005050   0x0000003c   Code   RO         5033    i.OS_SchedLockTimeMeasStop  os_core.o
    0x0800508c   0x0800508c   0x00000018   Code   RO         5601    i.OS_SemInit        os_sem.o
    0x080050a4   0x080050a4   0x000002e8   Code   RO         5666    i.OS_StatTask       os_stat.o
    0x0800538c   0x0800538c   0x000000cc   Code   RO         5667    i.OS_StatTaskInit   os_stat.o
    0x08005458   0x08005458   0x0000002c   Code   RO         5034    i.OS_TaskBlock      os_core.o
    0x08005484   0x08005484   0x000000ec   Code   RO         5711    i.OS_TaskChangePrio  os_task.o
    0x08005570   0x08005570   0x00000030   Code   RO         5712    i.OS_TaskDbgListAdd  os_task.o
    0x080055a0   0x080055a0   0x00000044   Code   RO         5713    i.OS_TaskDbgListRemove  os_task.o
    0x080055e4   0x080055e4   0x00000020   Code   RO         5714    i.OS_TaskInit       os_task.o
    0x08005604   0x08005604   0x000000bc   Code   RO         5715    i.OS_TaskInitTCB    os_task.o
    0x080056c0   0x080056c0   0x00000100   Code   RO         5717    i.OS_TaskResume     os_task.o
    0x080057c0   0x080057c0   0x00000018   Code   RO         5718    i.OS_TaskReturn     os_task.o
    0x080057d8   0x080057d8   0x000001c4   Code   RO         5719    i.OS_TaskSemPost    os_task.o
    0x0800599c   0x0800599c   0x00000118   Code   RO         5720    i.OS_TaskSuspend    os_task.o
    0x08005ab4   0x08005ab4   0x00000086   Code   RO         5862    i.OS_TickListInsert  os_tick.o
    0x08005b3a   0x08005b3a   0x00000002   PAD
    0x08005b3c   0x08005b3c   0x000000bc   Code   RO         5863    i.OS_TickListInsertDly  os_tick.o
    0x08005bf8   0x08005bf8   0x00000058   Code   RO         5864    i.OS_TickListRemove  os_tick.o
    0x08005c50   0x08005c50   0x00000002   Code   RO         5865    i.OS_TickListResetPeak  os_tick.o
    0x08005c52   0x08005c52   0x00000002   PAD
    0x08005c54   0x08005c54   0x00000098   Code   RO         5866    i.OS_TickListUpdateDly  os_tick.o
    0x08005cec   0x08005cec   0x00000114   Code   RO         5867    i.OS_TickListUpdateTimeout  os_tick.o
    0x08005e00   0x08005e00   0x00000064   Code   RO         5868    i.OS_TickTask       os_tick.o
    0x08005e64   0x08005e64   0x000000c8   Code   RO         5869    i.OS_TickTaskInit   os_tick.o
    0x08005f2c   0x08005f2c   0x00000134   Code   RO         5965    i.OS_TmrInit        os_tmr.o
    0x08006060   0x08006060   0x00000018   Code   RO         5966    i.OS_TmrLock        os_tmr.o
    0x08006078   0x08006078   0x00000002   Code   RO         5967    i.OS_TmrResetPeak   os_tmr.o
    0x0800607a   0x0800607a   0x00000002   PAD
    0x0800607c   0x0800607c   0x00000094   Code   RO         5968    i.OS_TmrTask        os_tmr.o
    0x08006110   0x08006110   0x00000044   Code   RO         5969    i.OS_TmrUnlink      os_tmr.o
    0x08006154   0x08006154   0x00000014   Code   RO         5970    i.OS_TmrUnlock      os_tmr.o
    0x08006168   0x08006168   0x00000014   Code   RO          853    i.PULSE_disable     nibp_hw_cfg.o
    0x0800617c   0x0800617c   0x00000014   Code   RO          854    i.PULSE_enable      nibp_hw_cfg.o
    0x08006190   0x08006190   0x00000010   Code   RO          855    i.PUMU_OFF          nibp_hw_cfg.o
    0x080061a0   0x080061a0   0x00000010   Code   RO          856    i.PUMU_ON           nibp_hw_cfg.o
    0x080061b0   0x080061b0   0x000001c8   Code   RO          948    i.Polynomia_y_to_x  polynomialfit.o
    0x08006378   0x08006378   0x00000438   Code   RO          949    i.PolynomialFit     polynomialfit.o
    0x080067b0   0x080067b0   0x00000030   Code   RO         1045    i.Printf_task       sprintf.o
    0x080067e0   0x080067e0   0x00000014   Code   RO          857    i.Protect_read      nibp_hw_cfg.o
    0x080067f4   0x080067f4   0x0000000e   Code   RO         1089    i.QueueEmpty        queue.o
    0x08006802   0x08006802   0x00000002   PAD
    0x08006804   0x08006804   0x000000d4   Code   RO          703    i.RED_AdjTask       spo2.o
    0x080068d8   0x080068d8   0x00000010   Code   RO          615    i.RED_OFF           spo2_hw_cfg.o
    0x080068e8   0x080068e8   0x00000010   Code   RO          616    i.RED_ON            spo2_hw_cfg.o
    0x080068f8   0x080068f8   0x0000001c   Code   RO         1146    i.ReadSendBuf       uart0.o
    0x08006914   0x08006914   0x0000001c   Code   RO         1392    i.ReadSendBuf       uart1.o
    0x08006930   0x08006930   0x0000001c   Code   RO         1465    i.ReadSendBuf       uart2.o
    0x0800694c   0x0800694c   0x0000001c   Code   RO         1466    i.ReadUART2         uart2.o
    0x08006968   0x08006968   0x0000013c   Code   RO          704    i.SPO2_ProbeTask    spo2.o
    0x08006aa4   0x08006aa4   0x00000358   Code   RO          705    i.SPO2_SamplTask    spo2.o
    0x08006dfc   0x08006dfc   0x00000002   Code   RO         4112    i.SVC_Handler       gd32f30x_it.o
    0x08006dfe   0x08006dfe   0x00000002   PAD
    0x08006e00   0x08006e00   0x0000000c   Code   RO          617    i.SetIr_DA_Val      spo2_hw_cfg.o
    0x08006e0c   0x08006e0c   0x0000000c   Code   RO          618    i.SetRed_DA_Val     spo2_hw_cfg.o
    0x08006e18   0x08006e18   0x00000058   Code   RO            6    i.StartTask         main.o
    0x08006e70   0x08006e70   0x00000050   Code   RO         4203    i.SystemInit        system_gd32f30x.o
    0x08006ec0   0x08006ec0   0x000000b8   Code   RO          619    i.TIMER3_IRQHandler  spo2_hw_cfg.o
    0x08006f78   0x08006f78   0x000000b4   Code   RO         1148    i.USART0_IRQHandler  uart0.o
    0x0800702c   0x0800702c   0x000000b4   Code   RO         1394    i.USART1_IRQHandler  uart1.o
    0x080070e0   0x080070e0   0x000000b8   Code   RO         1467    i.USART2_IRQHandler  uart2.o
    0x08007198   0x08007198   0x00000004   Code   RO         4113    i.UsageFault_Handler  gd32f30x_it.o
    0x0800719c   0x0800719c   0x00000010   Code   RO          858    i.VALVE_F_CLOSE     nibp_hw_cfg.o
    0x080071ac   0x080071ac   0x00000010   Code   RO          859    i.VALVE_F_OPEN      nibp_hw_cfg.o
    0x080071bc   0x080071bc   0x00000010   Code   RO          860    i.VALVE_S_CLOSE     nibp_hw_cfg.o
    0x080071cc   0x080071cc   0x00000010   Code   RO          861    i.VALVE_S_OPEN      nibp_hw_cfg.o
    0x080071dc   0x080071dc   0x00000018   Code   RO         1149    i.WriteReceiveBuf   uart0.o
    0x080071f4   0x080071f4   0x00000018   Code   RO         1395    i.WriteReceiveBuf   uart1.o
    0x0800720c   0x0800720c   0x00000018   Code   RO         1468    i.WriteReceiveBuf   uart2.o
    0x08007224   0x08007224   0x00000020   Code   RO         6465    i.__0printf         mc_w.l(printfa.o)
    0x08007244   0x08007244   0x00000028   Code   RO         6467    i.__0sprintf        mc_w.l(printfa.o)
    0x0800726c   0x0800726c   0x0000000e   Code   RO         6577    i.__scatterload_copy  mc_w.l(handlers.o)
    0x0800727a   0x0800727a   0x00000002   Code   RO         6578    i.__scatterload_null  mc_w.l(handlers.o)
    0x0800727c   0x0800727c   0x0000000e   Code   RO         6579    i.__scatterload_zeroinit  mc_w.l(handlers.o)
    0x0800728a   0x0800728a   0x00000002   PAD
    0x0800728c   0x0800728c   0x00000184   Code   RO         6472    i._fp_digits        mc_w.l(printfa.o)
    0x08007410   0x08007410   0x000006dc   Code   RO         6473    i._printf_core      mc_w.l(printfa.o)
    0x08007aec   0x08007aec   0x00000024   Code   RO         6474    i._printf_post_padding  mc_w.l(printfa.o)
    0x08007b10   0x08007b10   0x0000002e   Code   RO         6475    i._printf_pre_padding  mc_w.l(printfa.o)
    0x08007b3e   0x08007b3e   0x0000000a   Code   RO         6477    i._sputc            mc_w.l(printfa.o)
    0x08007b48   0x08007b48   0x0000002a   Code   RO         3615    i.adc_calibration_enable  gd32f30x_adc.o
    0x08007b72   0x08007b72   0x00000046   Code   RO         3616    i.adc_channel_length_config  gd32f30x_adc.o
    0x08007bb8   0x08007bb8   0x00000016   Code   RO         3617    i.adc_data_alignment_config  gd32f30x_adc.o
    0x08007bce   0x08007bce   0x00000002   PAD
    0x08007bd0   0x08007bd0   0x00000058   Code   RO         3618    i.adc_deinit        gd32f30x_adc.o
    0x08007c28   0x08007c28   0x0000000a   Code   RO         3622    i.adc_dma_mode_enable  gd32f30x_adc.o
    0x08007c32   0x08007c32   0x00000012   Code   RO         3623    i.adc_enable        gd32f30x_adc.o
    0x08007c44   0x08007c44   0x0000003e   Code   RO         3624    i.adc_external_trigger_config  gd32f30x_adc.o
    0x08007c82   0x08007c82   0x00000030   Code   RO         3625    i.adc_external_trigger_source_config  gd32f30x_adc.o
    0x08007cb2   0x08007cb2   0x00000002   PAD
    0x08007cb4   0x08007cb4   0x0000001c   Code   RO         3635    i.adc_mode_config   gd32f30x_adc.o
    0x08007cd0   0x08007cd0   0x0000000e   Code   RO         3637    i.adc_oversample_mode_disable  gd32f30x_adc.o
    0x08007cde   0x08007cde   0x000000ac   Code   RO         3639    i.adc_regular_channel_config  gd32f30x_adc.o
    0x08007d8a   0x08007d8a   0x00000014   Code   RO         3641    i.adc_resolution_config  gd32f30x_adc.o
    0x08007d9e   0x08007d9e   0x0000001e   Code   RO         3642    i.adc_software_trigger_enable  gd32f30x_adc.o
    0x08007dbc   0x08007dbc   0x0000005a   Code   RO         3643    i.adc_special_function_config  gd32f30x_adc.o
    0x08007e16   0x08007e16   0x00000002   PAD
    0x08007e18   0x08007e18   0x00000018   Code   RO         3850    i.dac_concurrent_disable  gd32f30x_dac.o
    0x08007e30   0x08007e30   0x00000058   Code   RO         3856    i.dac_data_set      gd32f30x_dac.o
    0x08007e88   0x08007e88   0x00000014   Code   RO         3857    i.dac_deinit        gd32f30x_dac.o
    0x08007e9c   0x08007e9c   0x00000024   Code   RO         3861    i.dac_enable        gd32f30x_dac.o
    0x08007ec0   0x08007ec0   0x00000024   Code   RO         3864    i.dac_output_buffer_enable  gd32f30x_dac.o
    0x08007ee4   0x08007ee4   0x00000024   Code   RO         3869    i.dac_trigger_disable  gd32f30x_dac.o
    0x08007f08   0x08007f08   0x00000034   Code   RO         3873    i.dac_wave_mode_config  gd32f30x_dac.o
    0x08007f3c   0x08007f3c   0x00000032   Code   RO         3137    i.dma_channel_enable  gd32f30x_dma.o
    0x08007f6e   0x08007f6e   0x00000032   Code   RO         3139    i.dma_circulation_enable  gd32f30x_dma.o
    0x08007fa0   0x08007fa0   0x00000070   Code   RO         3140    i.dma_deinit        gd32f30x_dma.o
    0x08008010   0x08008010   0x0000012e   Code   RO         3143    i.dma_init          gd32f30x_dma.o
    0x0800813e   0x0800813e   0x00000032   Code   RO         3151    i.dma_memory_to_memory_disable  gd32f30x_dma.o
    0x08008170   0x08008170   0x00000018   Code   RO         3155    i.dma_periph_and_channel_check  gd32f30x_dma.o
    0x08008188   0x08008188   0x000000b8   Code   RO         4022    i.exti_init         gd32f30x_exti.o
    0x08008240   0x08008240   0x0000000c   Code   RO         4025    i.exti_interrupt_flag_clear  gd32f30x_exti.o
    0x0800824c   0x0800824c   0x00000024   Code   RO         4026    i.exti_interrupt_flag_get  gd32f30x_exti.o
    0x08008270   0x08008270   0x00000024   Code   RO         1470    i.fputc             uart2.o
    0x08008294   0x08008294   0x00000004   Code   RO         1769    i.gpio_bit_reset    gd32f30x_gpio.o
    0x08008298   0x08008298   0x00000004   Code   RO         1770    i.gpio_bit_set      gd32f30x_gpio.o
    0x0800829c   0x0800829c   0x0000000a   Code   RO         1771    i.gpio_bit_write    gd32f30x_gpio.o
    0x080082a6   0x080082a6   0x00000002   PAD
    0x080082a8   0x080082a8   0x00000098   Code   RO         1778    i.gpio_exti_source_select  gd32f30x_gpio.o
    0x08008340   0x08008340   0x000000bc   Code   RO         1779    i.gpio_init         gd32f30x_gpio.o
    0x080083fc   0x080083fc   0x00000010   Code   RO         1780    i.gpio_input_bit_get  gd32f30x_gpio.o
    0x0800840c   0x0800840c   0x00000010   Code   RO         1782    i.gpio_output_bit_get  gd32f30x_gpio.o
    0x0800841c   0x0800841c   0x000000ec   Code   RO            7    i.main              main.o
    0x08008508   0x08008508   0x0000006c   Code   RO         6494    i.malloc            mc_w.l(malloc.o)
    0x08008574   0x08008574   0x000000c4   Code   RO         1901    i.nvic_irq_enable   gd32f30x_misc.o
    0x08008638   0x08008638   0x00000014   Code   RO         1902    i.nvic_priority_group_set  gd32f30x_misc.o
    0x0800864c   0x0800864c   0x0000001c   Code   RO         1046    i.printf_s_aus      sprintf.o
    0x08008668   0x08008668   0x0000006c   Code   RO         1960    i.rcu_adc_clock_config  gd32f30x_rcu.o
    0x080086d4   0x080086d4   0x00000158   Code   RO         1969    i.rcu_clock_freq_get  gd32f30x_rcu.o
    0x0800882c   0x0800882c   0x00000020   Code   RO         1987    i.rcu_periph_clock_enable  gd32f30x_rcu.o
    0x0800884c   0x0800884c   0x00000020   Code   RO         1990    i.rcu_periph_reset_disable  gd32f30x_rcu.o
    0x0800886c   0x0800886c   0x00000020   Code   RO         1991    i.rcu_periph_reset_enable  gd32f30x_rcu.o
    0x0800888c   0x0800888c   0x00000110   Code   RO         4204    i.system_clock_120m_hxtal  system_gd32f30x.o
    0x0800899c   0x0800899c   0x00000008   Code   RO         4205    i.system_clock_config  system_gd32f30x.o
    0x080089a4   0x080089a4   0x000000dc   Code   RO         2243    i.timer_deinit      gd32f30x_timer.o
    0x08008a80   0x08008a80   0x0000000a   Code   RO         2248    i.timer_enable      gd32f30x_timer.o
    0x08008a8a   0x08008a8a   0x00000002   PAD
    0x08008a8c   0x08008a8c   0x00000098   Code   RO         2258    i.timer_init        gd32f30x_timer.o
    0x08008b24   0x08008b24   0x00000008   Code   RO         2265    i.timer_interrupt_enable  gd32f30x_timer.o
    0x08008b2c   0x08008b2c   0x00000006   Code   RO         2266    i.timer_interrupt_flag_clear  gd32f30x_timer.o
    0x08008b32   0x08008b32   0x00000018   Code   RO         2267    i.timer_interrupt_flag_get  gd32f30x_timer.o
    0x08008b4a   0x08008b4a   0x00000016   Code   RO         2278    i.timer_struct_para_init  gd32f30x_timer.o
    0x08008b60   0x08008b60   0x00000090   Code   RO         2657    i.usart_baudrate_set  gd32f30x_usart.o
    0x08008bf0   0x08008bf0   0x0000000a   Code   RO         2660    i.usart_data_receive  gd32f30x_usart.o
    0x08008bfa   0x08008bfa   0x00000008   Code   RO         2661    i.usart_data_transmit  gd32f30x_usart.o
    0x08008c02   0x08008c02   0x00000002   PAD
    0x08008c04   0x08008c04   0x00000090   Code   RO         2662    i.usart_deinit      gd32f30x_usart.o
    0x08008c94   0x08008c94   0x0000000a   Code   RO         2666    i.usart_enable      gd32f30x_usart.o
    0x08008c9e   0x08008c9e   0x0000001e   Code   RO         2668    i.usart_flag_get    gd32f30x_usart.o
    0x08008cbc   0x08008cbc   0x0000001a   Code   RO         2674    i.usart_interrupt_disable  gd32f30x_usart.o
    0x08008cd6   0x08008cd6   0x0000001a   Code   RO         2675    i.usart_interrupt_enable  gd32f30x_usart.o
    0x08008cf0   0x08008cf0   0x0000001a   Code   RO         2676    i.usart_interrupt_flag_clear  gd32f30x_usart.o
    0x08008d0a   0x08008d0a   0x00000038   Code   RO         2677    i.usart_interrupt_flag_get  gd32f30x_usart.o
    0x08008d42   0x08008d42   0x00000010   Code   RO         2688    i.usart_parity_config  gd32f30x_usart.o
    0x08008d52   0x08008d52   0x00000010   Code   RO         2690    i.usart_receive_config  gd32f30x_usart.o
    0x08008d62   0x08008d62   0x00000010   Code   RO         2700    i.usart_stop_bit_set  gd32f30x_usart.o
    0x08008d72   0x08008d72   0x00000010   Code   RO         2704    i.usart_transmit_config  gd32f30x_usart.o
    0x08008d82   0x08008d82   0x00000010   Code   RO         2705    i.usart_word_length_set  gd32f30x_usart.o
    0x08008d92   0x08008d92   0x00000002   PAD
    0x08008d94   0x08008d94   0x0000001c   Data   RO          302    .constdata          led.o
    0x08008db0   0x08008db0   0x000000ac   Data   RO          341    .constdata          filter.o
    0x08008e5c   0x08008e5c   0x00000038   Data   RO          393    .constdata          ecg.o
    0x08008e94   0x08008e94   0x00000070   Data   RO          707    .constdata          spo2.o
    0x08008f04   0x08008f04   0x00000038   Data   RO          769    .constdata          nibp.o
    0x08008f3c   0x08008f3c   0x0000001c   Data   RO         1048    .constdata          sprintf.o
    0x08008f58   0x08008f58   0x00000094   Data   RO         4979    .constdata          os_cfg_app.o
    0x08008fec   0x08008fec   0x0000016c   Data   RO         5217    .constdata          os_dbg.o
    0x08009158   0x08009158   0x00000008   Data   RO          303    .conststring        led.o
    0x08009160   0x08009160   0x0000001e   Data   RO          394    .conststring        ecg.o
    0x0800917e   0x0800917e   0x00000002   PAD
    0x08009180   0x08009180   0x00000037   Data   RO          708    .conststring        spo2.o
    0x080091b7   0x080091b7   0x00000001   PAD
    0x080091b8   0x080091b8   0x00000024   Data   RO          770    .conststring        nibp.o
    0x080091dc   0x080091dc   0x0000000c   Data   RO         1049    .conststring        sprintf.o
    0x080091e8   0x080091e8   0x00000020   Data   RO         6575    Region$$Table       anon$$obj.o


    Execution Region RW_IRAM1 (Exec base: 0x20000000, Load base: 0x08009208, Size: 0x0000b6d8, Max: 0x00010000, ABSOLUTE, COMPRESSED[0x000000b0])

    Exec Addr    Load Addr    Size         Type   Attr      Idx    E Section Name        Object

    0x20000000   COMPRESSED   0x00000018   Data   RW          395    .data               ecg.o
    0x20000018   COMPRESSED   0x0000000c   Data   RW          620    .data               spo2_hw_cfg.o
    0x20000024   COMPRESSED   0x00000038   Data   RW          709    .data               spo2.o
    0x2000005c   COMPRESSED   0x00000004   PAD
    0x20000060   COMPRESSED   0x000000fa   Data   RW          771    .data               nibp.o
    0x2000015a   COMPRESSED   0x00000001   Data   RW         1152    .data               uart0.o
    0x2000015b   COMPRESSED   0x00000001   Data   RW         1398    .data               uart1.o
    0x2000015c   COMPRESSED   0x00000001   Data   RW         1472    .data               uart2.o
    0x2000015d   COMPRESSED   0x00000003   PAD
    0x20000160   COMPRESSED   0x00000004   Data   RW         4393    .data               cpu_core.o
    0x20000164   COMPRESSED   0x00000004   Data   RW         4610    .data               lib_math.o
    0x20000168   COMPRESSED   0x00000004   Data   RW         4671    .data               lib_mem.o
    0x2000016c   COMPRESSED   0x00000008   Data   RW         5487    .data               os_prio.o
    0x20000174   COMPRESSED   0x000000c4   Data   RW         6051    .data               os_var.o
    0x20000238   COMPRESSED   0x00000004   Data   RW         6078    .data               os_cpu_c.o
    0x2000023c   COMPRESSED   0x00000004   Data   RW         6555    .data               mc_w.l(stdout.o)
    0x20000240   COMPRESSED   0x00000004   Data   RW         6564    .data               mc_w.l(mvars.o)
    0x20000244   COMPRESSED   0x00000004   Data   RW         6565    .data               mc_w.l(mvars.o)
    0x20000248        -       0x000008c0   Zero   RW            8    .bss                main.o
    0x20000b08        -       0x000002c0   Zero   RW          301    .bss                led.o
    0x20000dc8        -       0x00001190   Zero   RW          392    .bss                ecg.o
    0x20001f58        -       0x000024f8   Zero   RW          706    .bss                spo2.o
    0x20004450        -       0x00002fe0   Zero   RW          768    .bss                nibp.o
    0x20007430        -       0x000002f8   Zero   RW          950    .bss                polynomialfit.o
    0x20007728        -       0x00001120   Zero   RW         1047    .bss                sprintf.o
    0x20008848        -       0x000000e0   Zero   RW         1151    .bss                uart0.o
    0x20008928        -       0x0000000a   Zero   RW         1330    .bss                adc.o
    0x20008932   COMPRESSED   0x00000002   PAD
    0x20008934        -       0x000000e0   Zero   RW         1397    .bss                uart1.o
    0x20008a14        -       0x000000e0   Zero   RW         1471    .bss                uart2.o
    0x20008af4        -       0x00000010   Zero   RW         4391    .bss                cpu_core.o
    0x20008b04        -       0x00000c14   Zero   RW         4670    .bss                lib_mem.o
    0x20009718        -       0x00000d80   Zero   RW         4978    .bss                os_cfg_app.o
    0x2000a498        -       0x0000063c   Zero   RW         6050    .bss                os_var.o
    0x2000aad4   COMPRESSED   0x00000004   PAD
    0x2000aad8        -       0x00000400   Zero   RW         4246    HEAP                startup_gd32f30x_hd.o
    0x2000aed8        -       0x00000800   Zero   RW         4245    STACK               startup_gd32f30x_hd.o


==============================================================================

Image component sizes


      Code (inc. data)   RO Data    RW Data    ZI Data      Debug   Object Name

       468         54          0          0         10       5134   adc.o
       102         18          0          0          0      12071   bsp.o
       246          0          0          0          0       3460   calculate.o
        52          0          0          0          0        408   cpu_a.o
       104         18          0          4         16       6164   cpu_core.o
      1060        230         86         24       4496      32456   ecg.o
       250         10        172          0          0       4253   filter.o
       714         10          0          0          0      10357   gd32f30x_adc.o
       292         34          0          0          0       4690   gd32f30x_dac.o
       588          6          0          0          0       5125   gd32f30x_dma.o
       232         16          0          0          0       2270   gd32f30x_exti.o
       390          6          0          0          0       5390   gd32f30x_gpio.o
        22          0          0          0          0       4187   gd32f30x_it.o
       216         20          0          0          0       1632   gd32f30x_misc.o
       548         68          0          0          0       4123   gd32f30x_rcu.o
       442         40          0          0          0       5529   gd32f30x_timer.o
       560         16          0          0          0      11064   gd32f30x_usart.o
       376         44         36          0        704       2925   led.o
        54          4          0          4          0       2650   lib_math.o
       284         26          0          4       3092      16289   lib_mem.o
       384        148          0          0       2240     111363   main.o
      2492        502         92        250      12256       9212   nibp.o
       312         52          0          0          0       6811   nibp_hw_cfg.o
        20          0          0          0          0       1155   nvic.o
         2          0        148          0       3456      19783   os_cfg_app.o
      2494        342          0          0          0      22533   os_core.o
       268         14          0          0          0        496   os_cpu_a.o
      1168        168          0          4          0      28919   os_cpu_c.o
       424        278        364          0          0       5141   os_dbg.o
        24         10          0          0          0       1146   os_flag.o
        24         10          0          0          0       1145   os_mem.o
       570         32          0          0          0       5022   os_msg.o
      1220         56          0          0          0       8559   os_mutex.o
       136         16          0          8          0       3694   os_prio.o
       974         46          0          0          0       6575   os_q.o
        24         10          0          0          0       1137   os_sem.o
      1484        190          0          0          0       4639   os_stat.o
      3206        164          0          0          0      16197   os_task.o
      1140         88          0          0          0       7618   os_tick.o
       628         40          0          0          0       3521   os_time.o
       570        142          0          0          0       5003   os_tmr.o
         0          0          0        196       1596      18132   os_var.o
      2032         90          0          0        760       7321   polynomialfit.o
       190          0          0          0          0       4021   queue.o
      1908        348        167         56       9464       6026   spo2.o
       526         80          0         12          0       8588   spo2_hw_cfg.o
       440        128         40          0       4384       3345   sprintf.o
        76         16        304          0       3072        932   startup_gd32f30x_hd.o
       360         30          0          0          0       2001   system_gd32f30x.o
       472         70          0          1        224      40051   uart0.o
       468         70          0          1        224       5104   uart1.o
       540         82          0          1        224       6560   uart2.o

    ----------------------------------------------------------------------
     31620       3842       1444        572      46224     511927   Object Totals
         0          0         32          0          0          0   (incl. Generated)
        44          0          3          7          6          0   (incl. Padding)

    ----------------------------------------------------------------------

      Code (inc. data)   RO Data    RW Data    ZI Data      Debug   Library Member Name

        86          0          0          0          0          0   __dczerorl2.o
         0          0          0          0          0          0   entry.o
         0          0          0          0          0          0   entry10a.o
         0          0          0          0          0          0   entry11a.o
         8          4          0          0          0          0   entry2.o
         4          0          0          0          0          0   entry5.o
         0          0          0          0          0          0   entry7b.o
         0          0          0          0          0          0   entry8b.o
         8          4          0          0          0          0   entry9a.o
        30          0          0          0          0          0   handlers.o
        36          8          0          0          0         68   init.o
         0          0          0          0          0          0   iusefp.o
        30          0          0          0          0         68   llshl.o
        36          0          0          0          0         68   llsshr.o
        32          0          0          0          0         68   llushr.o
       108         16          0          0          0         84   malloc.o
        36          0          0          0          0         68   memcpya.o
        36          0          0          0          0        108   memseta.o
         0          0          0          8          0          0   mvars.o
      2308         96          0          0          0        604   printfa.o
         0          0          0          4          0          0   stdout.o
        44          0          0          0          0         80   uidiv.o
        98          0          0          0          0         92   uldiv.o
        48          0          0          0          0         68   cdcmple.o
        48          0          0          0          0         68   cdrcmple.o
        56          0          0          0          0         88   d2f.o
       334          0          0          0          0        148   dadd.o
       222          0          0          0          0        100   ddiv.o
       186          0          0          0          0        176   depilogue.o
        62          0          0          0          0         80   dfixi.o
        48          0          0          0          0         68   dfixul.o
        34          0          0          0          0         76   dflti.o
       228          0          0          0          0         96   dmul.o
        38          0          0          0          0         68   f2d.o
       110          0          0          0          0        168   fepilogue.o

    ----------------------------------------------------------------------
      4320        128          0         12          0       2512   Library Totals
         6          0          0          0          0          0   (incl. Padding)

    ----------------------------------------------------------------------

      Code (inc. data)   RO Data    RW Data    ZI Data      Debug   Library Name

      2900        128          0         12          0       1308   mc_w.l
      1414          0          0          0          0       1204   mf_w.l

    ----------------------------------------------------------------------
      4320        128          0         12          0       2512   Library Totals

    ----------------------------------------------------------------------

==============================================================================


      Code (inc. data)   RO Data    RW Data    ZI Data      Debug   

     35940       3970       1444        584      46224     484823   Grand Totals
     35940       3970       1444        176      46224     484823   ELF Image Totals (compressed)
     35940       3970       1444        176          0          0   ROM Totals

==============================================================================

    Total RO  Size (Code + RO Data)                37384 (  36.51kB)
    Total RW  Size (RW Data + ZI Data)             46808 (  45.71kB)
    Total ROM Size (Code + RO Data + RW Data)      37560 (  36.68kB)

==============================================================================

